Archive member included to satisfy reference by file (symbol)

c:/qmk_msys/mingw64/bin/../lib/gcc/avr/8.4.0/avr5\libgcc.a(_udivmodqi4.o)
                              .build/obj_uta_default/lufa.o (__udivmodqi4)
c:/qmk_msys/mingw64/bin/../lib/gcc/avr/8.4.0/avr5\libgcc.a(_divmodhi4.o)
                              .build/obj_uta_default/quantum/encoder.o (__divmodhi4)
c:/qmk_msys/mingw64/bin/../lib/gcc/avr/8.4.0/avr5\libgcc.a(_exit.o)
                              c:/qmk_msys/mingw64/bin/../lib/gcc/avr/8.4.0/../../../../avr/lib/avr5/crtatmega32u4.o (exit)
c:/qmk_msys/mingw64/bin/../lib/gcc/avr/8.4.0/avr5\libgcc.a(_tablejump2.o)
                              .build/obj_uta_default/quantum/command.o (__tablejump2__)
c:/qmk_msys/mingw64/bin/../lib/gcc/avr/8.4.0/avr5\libgcc.a(_copy_data.o)
                              .build/obj_uta_default/quantum/keymap_common.o (__do_copy_data)
c:/qmk_msys/mingw64/bin/../lib/gcc/avr/8.4.0/avr5\libgcc.a(_clear_bss.o)
                              .build/obj_uta_default/quantum/matrix_common.o (__do_clear_bss)
c:/qmk_msys/mingw64/bin/../lib/gcc/avr/8.4.0/avr5\libgcc.a(_udivmodhi4.o)
                              c:/qmk_msys/mingw64/bin/../lib/gcc/avr/8.4.0/avr5\libgcc.a(_divmodhi4.o) (__udivmodhi4)
c:/qmk_msys/mingw64/bin/../lib/gcc/avr/8.4.0/../../../../avr/lib/avr5\libatmega32u4.a(eerd_byte.o)
                              .build/obj_uta_default/common/eeconfig.o (eeprom_read_byte)
c:/qmk_msys/mingw64/bin/../lib/gcc/avr/8.4.0/../../../../avr/lib/avr5\libatmega32u4.a(eerd_dword.o)
                              .build/obj_uta_default/common/eeconfig.o (eeprom_read_dword)
c:/qmk_msys/mingw64/bin/../lib/gcc/avr/8.4.0/../../../../avr/lib/avr5\libatmega32u4.a(eerd_word.o)
                              .build/obj_uta_default/common/eeconfig.o (eeprom_read_word)
c:/qmk_msys/mingw64/bin/../lib/gcc/avr/8.4.0/../../../../avr/lib/avr5\libatmega32u4.a(eeupd_byte.o)
                              .build/obj_uta_default/common/eeconfig.o (eeprom_update_byte)
c:/qmk_msys/mingw64/bin/../lib/gcc/avr/8.4.0/../../../../avr/lib/avr5\libatmega32u4.a(eeupd_dword.o)
                              .build/obj_uta_default/common/eeconfig.o (eeprom_update_dword)
c:/qmk_msys/mingw64/bin/../lib/gcc/avr/8.4.0/../../../../avr/lib/avr5\libatmega32u4.a(eeupd_word.o)
                              .build/obj_uta_default/common/eeconfig.o (eeprom_update_word)
c:/qmk_msys/mingw64/bin/../lib/gcc/avr/8.4.0/../../../../avr/lib/avr5\libatmega32u4.a(eerd_block.o)
                              c:/qmk_msys/mingw64/bin/../lib/gcc/avr/8.4.0/../../../../avr/lib/avr5\libatmega32u4.a(eerd_dword.o) (eeprom_read_blraw)

Allocating common symbols
Common symbol       size              file

USB_IsInitialized   0x1               .build/obj_uta_default/lib/lufa/LUFA/Drivers/USB/Core/USBTask.o
keymap_config       0x2               .build/obj_uta_default/common/magic.o
USB_DeviceState     0x1               .build/obj_uta_default/lib/lufa/LUFA/Drivers/USB/Core/USBTask.o
USB_Device_ConfigurationNumber
                    0x1               .build/obj_uta_default/lib/lufa/LUFA/Drivers/USB/Core/DeviceStandardReq.o
raw_matrix          0x1               .build/obj_uta_default/quantum/matrix_common.o
USB_Device_CurrentlySelfPowered
                    0x1               .build/obj_uta_default/lib/lufa/LUFA/Drivers/USB/Core/DeviceStandardReq.o
matrix              0x1               .build/obj_uta_default/quantum/matrix_common.o
USB_ControlRequest  0x8               .build/obj_uta_default/lib/lufa/LUFA/Drivers/USB/Core/USBTask.o
tp_buttons          0x2               .build/obj_uta_default/common/action.o
USB_Device_RemoteWakeupEnabled
                    0x1               .build/obj_uta_default/lib/lufa/LUFA/Drivers/USB/Core/DeviceStandardReq.o
timer_count         0x4               .build/obj_uta_default/common/avr/timer.o

Discarded input sections

 .data          0x0000000000000000        0x0 c:/qmk_msys/mingw64/bin/../lib/gcc/avr/8.4.0/../../../../avr/lib/avr5/crtatmega32u4.o
 .bss           0x0000000000000000        0x0 c:/qmk_msys/mingw64/bin/../lib/gcc/avr/8.4.0/../../../../avr/lib/avr5/crtatmega32u4.o
 .text          0x0000000000000000        0x0 .build/obj_uta_default/keyboards/uta/uta.o
 .data          0x0000000000000000        0x0 .build/obj_uta_default/keyboards/uta/uta.o
 .bss           0x0000000000000000        0x0 .build/obj_uta_default/keyboards/uta/uta.o
 .debug_info    0x0000000000000000      0x620 .build/obj_uta_default/keyboards/uta/uta.o
 .debug_abbrev  0x0000000000000000      0x15a .build/obj_uta_default/keyboards/uta/uta.o
 .debug_aranges
                0x0000000000000000       0x18 .build/obj_uta_default/keyboards/uta/uta.o
 .debug_line    0x0000000000000000      0x1f2 .build/obj_uta_default/keyboards/uta/uta.o
 .debug_str     0x0000000000000000      0x523 .build/obj_uta_default/keyboards/uta/uta.o
 .comment       0x0000000000000000       0x12 .build/obj_uta_default/keyboards/uta/uta.o
[...]
Memory Configuration

Name             Origin             Length             Attributes
text             0x0000000000000000 0x0000000000020000 xr
data             0x0000000000800060 0x000000000000ffa0 rw !x
eeprom           0x0000000000810000 0x0000000000010000 rw !x
fuse             0x0000000000820000 0x0000000000000400 rw !x
lock             0x0000000000830000 0x0000000000000400 rw !x
signature        0x0000000000840000 0x0000000000000400 rw !x
user_signatures  0x0000000000850000 0x0000000000000400 rw !x
*default*        0x0000000000000000 0xffffffffffffffff

Linker script and memory map

Address of section .data set to 0x800100
LOAD c:/qmk_msys/mingw64/bin/../lib/gcc/avr/8.4.0/../../../../avr/lib/avr5/crtatmega32u4.o
LOAD .build/obj_uta_default/keyboards/uta/uta.o
LOAD .build/obj_uta_default/keyboards/uta/keymaps/default/keymap.o
LOAD .build/obj_uta_default/quantum/quantum.o
LOAD .build/obj_uta_default/quantum/send_string.o
LOAD .build/obj_uta_default/quantum/bitwise.o
LOAD .build/obj_uta_default/quantum/led.o
LOAD .build/obj_uta_default/quantum/keymap_common.o
LOAD .build/obj_uta_default/quantum/keycode_config.o
LOAD .build/obj_uta_default/quantum/matrix_common.o
LOAD .build/obj_uta_default/quantum/matrix.o
LOAD .build/obj_uta_default/quantum/debounce/sym_defer_g.o
LOAD .build/obj_uta_default/quantum/command.o
LOAD .build/obj_uta_default/quantum/encoder.o
LOAD .build/obj_uta_default/quantum/process_keycode/process_space_cadet.o
LOAD .build/obj_uta_default/quantum/process_keycode/process_magic.o
LOAD .build/obj_uta_default/quantum/process_keycode/process_grave_esc.o
LOAD .build/obj_uta_default/common/host.o
LOAD .build/obj_uta_default/common/keyboard.o
LOAD .build/obj_uta_default/common/action.o
LOAD .build/obj_uta_default/common/action_tapping.o
LOAD .build/obj_uta_default/common/action_macro.o
LOAD .build/obj_uta_default/common/action_layer.o
LOAD .build/obj_uta_default/common/action_util.o
LOAD .build/obj_uta_default/common/debug.o
LOAD .build/obj_uta_default/common/sendchar_null.o
LOAD .build/obj_uta_default/common/eeconfig.o
LOAD .build/obj_uta_default/common/report.o
LOAD .build/obj_uta_default/common/avr/suspend.o
LOAD .build/obj_uta_default/common/avr/timer.o
LOAD .build/obj_uta_default/common/sync_timer.o
LOAD .build/obj_uta_default/common/avr/bootloader.o
LOAD .build/obj_uta_default/common/avr/xprintf.o
LOAD .build/obj_uta_default/common/avr/printf.o
LOAD .build/obj_uta_default/common/magic.o
LOAD .build/obj_uta_default/lufa.o
LOAD .build/obj_uta_default/usb_descriptor.o
LOAD .build/obj_uta_default/lib/lufa/LUFA/Drivers/USB/Class/Common/HIDParser.o
LOAD .build/obj_uta_default/lib/lufa/LUFA/Drivers/USB/Core/AVR8/Device_AVR8.o
LOAD .build/obj_uta_default/lib/lufa/LUFA/Drivers/USB/Core/AVR8/EndpointStream_AVR8.o
LOAD .build/obj_uta_default/lib/lufa/LUFA/Drivers/USB/Core/AVR8/Endpoint_AVR8.o
LOAD .build/obj_uta_default/lib/lufa/LUFA/Drivers/USB/Core/AVR8/Host_AVR8.o
LOAD .build/obj_uta_default/lib/lufa/LUFA/Drivers/USB/Core/AVR8/PipeStream_AVR8.o
LOAD .build/obj_uta_default/lib/lufa/LUFA/Drivers/USB/Core/AVR8/Pipe_AVR8.o
LOAD .build/obj_uta_default/lib/lufa/LUFA/Drivers/USB/Core/AVR8/USBController_AVR8.o
LOAD .build/obj_uta_default/lib/lufa/LUFA/Drivers/USB/Core/AVR8/USBInterrupt_AVR8.o
LOAD .build/obj_uta_default/lib/lufa/LUFA/Drivers/USB/Core/ConfigDescriptors.o
LOAD .build/obj_uta_default/lib/lufa/LUFA/Drivers/USB/Core/DeviceStandardReq.o
LOAD .build/obj_uta_default/lib/lufa/LUFA/Drivers/USB/Core/Events.o
LOAD .build/obj_uta_default/lib/lufa/LUFA/Drivers/USB/Core/HostStandardReq.o
LOAD .build/obj_uta_default/lib/lufa/LUFA/Drivers/USB/Core/USBTask.o
LOAD c:/qmk_msys/mingw64/bin/../lib/gcc/avr/8.4.0/../../../../avr/lib/avr5\libm.a
START GROUP
LOAD c:/qmk_msys/mingw64/bin/../lib/gcc/avr/8.4.0/avr5\libgcc.a
LOAD c:/qmk_msys/mingw64/bin/../lib/gcc/avr/8.4.0/../../../../avr/lib/avr5\libm.a
LOAD c:/qmk_msys/mingw64/bin/../lib/gcc/avr/8.4.0/../../../../avr/lib/avr5\libc.a
LOAD c:/qmk_msys/mingw64/bin/../lib/gcc/avr/8.4.0/../../../../avr/lib/avr5\libatmega32u4.a
END GROUP
                0x0000000000020000                __TEXT_REGION_LENGTH__ = DEFINED (__TEXT_REGION_LENGTH__)?__TEXT_REGION_LENGTH__:0x20000
                0x000000000000ffa0                __DATA_REGION_LENGTH__ = DEFINED (__DATA_REGION_LENGTH__)?__DATA_REGION_LENGTH__:0xffa0
                0x0000000000010000                __EEPROM_REGION_LENGTH__ = DEFINED (__EEPROM_REGION_LENGTH__)?__EEPROM_REGION_LENGTH__:0x10000
                0x0000000000000400                __FUSE_REGION_LENGTH__ = DEFINED (__FUSE_REGION_LENGTH__)?__FUSE_REGION_LENGTH__:0x400
                0x0000000000000400                __LOCK_REGION_LENGTH__ = DEFINED (__LOCK_REGION_LENGTH__)?__LOCK_REGION_LENGTH__:0x400
                0x0000000000000400                __SIGNATURE_REGION_LENGTH__ = DEFINED (__SIGNATURE_REGION_LENGTH__)?__SIGNATURE_REGION_LENGTH__:0x400
                0x0000000000000400                __USER_SIGNATURE_REGION_LENGTH__ = DEFINED (__USER_SIGNATURE_REGION_LENGTH__)?__USER_SIGNATURE_REGION_LENGTH__:0x400

.hash
 *(.hash)

.dynsym
 *(.dynsym)

.dynstr
 *(.dynstr)

.gnu.version
 *(.gnu.version)

.gnu.version_d
 *(.gnu.version_d)

.gnu.version_r
 *(.gnu.version_r)

.rel.init
 *(.rel.init)

.rela.init
 *(.rela.init)

.rel.text
 *(.rel.text)
 *(.rel.text.*)
 *(.rel.gnu.linkonce.t*)

.rela.text
 *(.rela.text)
 *(.rela.text.*)
 *(.rela.gnu.linkonce.t*)

.rel.fini
 *(.rel.fini)

.rela.fini
 *(.rela.fini)

.rel.rodata
 *(.rel.rodata)
 *(.rel.rodata.*)
 *(.rel.gnu.linkonce.r*)

.rela.rodata
 *(.rela.rodata)
 *(.rela.rodata.*)
 *(.rela.gnu.linkonce.r*)

.rel.data
 *(.rel.data)
 *(.rel.data.*)
 *(.rel.gnu.linkonce.d*)

.rela.data
 *(.rela.data)
 *(.rela.data.*)
 *(.rela.gnu.linkonce.d*)

.rel.ctors
 *(.rel.ctors)

.rela.ctors
 *(.rela.ctors)

.rel.dtors
 *(.rel.dtors)

.rela.dtors
 *(.rela.dtors)

.rel.got
 *(.rel.got)

.rela.got
 *(.rela.got)

.rel.bss
 *(.rel.bss)

.rela.bss
 *(.rela.bss)

.rel.plt
 *(.rel.plt)

.rela.plt
 *(.rela.plt)

.text           0x0000000000000000     0x475c
 *(.vectors)
 .vectors       0x0000000000000000       0xac c:/qmk_msys/mingw64/bin/../lib/gcc/avr/8.4.0/../../../../avr/lib/avr5/crtatmega32u4.o
                0x0000000000000000                __vector_default
                0x0000000000000000                __vectors
 *(.vectors)
 *(.progmem.gcc*)
                0x00000000000000ac                . = ALIGN (0x2)
                0x00000000000000ac                __trampolines_start = .
 *(.trampolines)
 .trampolines   0x00000000000000ac        0x0 linker stubs
 *(.trampolines*)
                0x00000000000000ac                __trampolines_end = .
 *libprintf_flt.a:*(.progmem.data)
 *libc.a:*(.progmem.data)
 *(.progmem.*)
 .progmem.data.keymaps
                0x00000000000000ac        0x8 .build/obj_uta_default/keyboards/uta/keymaps/default/keymap.o
                0x00000000000000ac                keymaps
 .progmem.data.__c.6147
                0x00000000000000b4       0x12 .build/obj_uta_default/quantum/quantum.o
 .progmem.data.__c.6145
                0x00000000000000c6       0x11 .build/obj_uta_default/quantum/quantum.o
 .progmem.data.fn_actions
                0x00000000000000d7        0x0 .build/obj_uta_default/quantum/keymap_common.o
                0x00000000000000d7                fn_actions
 .progmem.data.__c.6137
                0x00000000000000d7        0x2 .build/obj_uta_default/quantum/matrix_common.o
 .progmem.data.__c.6135
                0x00000000000000d9        0x5 .build/obj_uta_default/quantum/matrix_common.o
 .progmem.data.__c.6133
                0x00000000000000de        0x3 .build/obj_uta_default/quantum/matrix_common.o
 .progmem.data.__c.6131
                0x00000000000000e1        0x5 .build/obj_uta_default/quantum/matrix_common.o
 .progmem.data.__c.6128
                0x00000000000000e6        0xf .build/obj_uta_default/quantum/matrix_common.o
 .progmem.data.__c.6341
                0x00000000000000f5        0x2 .build/obj_uta_default/quantum/command.o
 .progmem.data.__c.6343
                0x00000000000000f7        0x4 .build/obj_uta_default/quantum/command.o
 .progmem.data.__c.6361
                0x00000000000000fb        0x5 .build/obj_uta_default/quantum/command.o
 .progmem.data.__c.6164
                0x0000000000000100       0x17 .build/obj_uta_default/quantum/command.o
 .progmem.data.__c.6162
                0x0000000000000117       0x18 .build/obj_uta_default/quantum/command.o
 .progmem.data.__c.6160
                0x000000000000012f       0x13 .build/obj_uta_default/quantum/command.o
 .progmem.data.__c.6158
                0x0000000000000142       0x17 .build/obj_uta_default/quantum/command.o
 .progmem.data.__c.6156
                0x0000000000000159       0x1a .build/obj_uta_default/quantum/command.o
 .progmem.data.__c.6154
                0x0000000000000173        0xe .build/obj_uta_default/quantum/command.o
 .progmem.data.__c.6149
                0x0000000000000181       0x2b .build/obj_uta_default/quantum/command.o
 .progmem.data.__c.6147
                0x00000000000001ac       0x32 .build/obj_uta_default/quantum/command.o
 .progmem.data.__c.6145
                0x00000000000001de       0x17 .build/obj_uta_default/quantum/command.o
 .progmem.data.__c.6143
                0x00000000000001f5       0x39 .build/obj_uta_default/quantum/command.o
 .progmem.data.__c.6141
                0x000000000000022e        0xf .build/obj_uta_default/quantum/command.o
 .progmem.data.__c.6330
                0x000000000000023d       0x1b .build/obj_uta_default/quantum/command.o
 .progmem.data.__c.6136
                0x0000000000000258      0x1b2 .build/obj_uta_default/quantum/command.o
 .progmem.data.__c.6271
                0x000000000000040a        0x2 .build/obj_uta_default/quantum/command.o
 .progmem.data.__c.6269
                0x000000000000040c        0x3 .build/obj_uta_default/quantum/command.o
 .progmem.data.__c.6267
                0x000000000000040f        0x8 .build/obj_uta_default/quantum/command.o
 .progmem.data.__c.6265
                0x0000000000000417        0x2 .build/obj_uta_default/quantum/command.o
 .progmem.data.__c.6263
                0x0000000000000419        0x3 .build/obj_uta_default/quantum/command.o
 .progmem.data.__c.6261
                0x000000000000041c       0x1c .build/obj_uta_default/quantum/command.o
 .progmem.data.__c.6259
                0x0000000000000438        0x2 .build/obj_uta_default/quantum/command.o
 .progmem.data.__c.6257
                0x000000000000043a        0x3 .build/obj_uta_default/quantum/command.o
 .progmem.data.__c.6255
                0x000000000000043d       0x12 .build/obj_uta_default/quantum/command.o
 .progmem.data.__c.6253
                0x000000000000044f        0x2 .build/obj_uta_default/quantum/command.o
 .progmem.data.__c.6251
                0x0000000000000451        0x3 .build/obj_uta_default/quantum/command.o
 .progmem.data.__c.6249
                0x0000000000000454        0xa .build/obj_uta_default/quantum/command.o
 .progmem.data.__c.6247
                0x000000000000045e        0x2 .build/obj_uta_default/quantum/command.o
 .progmem.data.__c.6245
                0x0000000000000460        0x3 .build/obj_uta_default/quantum/command.o
 .progmem.data.__c.6243
                0x0000000000000463       0x12 .build/obj_uta_default/quantum/command.o
 .progmem.data.__c.6241
                0x0000000000000475        0x2 .build/obj_uta_default/quantum/command.o
 .progmem.data.__c.6239
                0x0000000000000477        0x3 .build/obj_uta_default/quantum/command.o
 .progmem.data.__c.6237
                0x000000000000047a       0x12 .build/obj_uta_default/quantum/command.o
 .progmem.data.__c.6235
                0x000000000000048c        0x2 .build/obj_uta_default/quantum/command.o
 .progmem.data.__c.6233
                0x000000000000048e        0x3 .build/obj_uta_default/quantum/command.o
 .progmem.data.__c.6231
                0x0000000000000491       0x12 .build/obj_uta_default/quantum/command.o
 .progmem.data.__c.6229
                0x00000000000004a3        0x2 .build/obj_uta_default/quantum/command.o
 .progmem.data.__c.6227
                0x00000000000004a5        0x3 .build/obj_uta_default/quantum/command.o
 .progmem.data.__c.6225
                0x00000000000004a8       0x12 .build/obj_uta_default/quantum/command.o
 .progmem.data.__c.6223
                0x00000000000004ba        0x2 .build/obj_uta_default/quantum/command.o
 .progmem.data.__c.6221
                0x00000000000004bc        0x3 .build/obj_uta_default/quantum/command.o
 .progmem.data.__c.6219
                0x00000000000004bf       0x17 .build/obj_uta_default/quantum/command.o
 .progmem.data.__c.6217
                0x00000000000004d6        0x2 .build/obj_uta_default/quantum/command.o
 .progmem.data.__c.6215
                0x00000000000004d8        0x3 .build/obj_uta_default/quantum/command.o
 .progmem.data.__c.6213
                0x00000000000004db       0x19 .build/obj_uta_default/quantum/command.o
 .progmem.data.__c.6211
                0x00000000000004f4        0x2 .build/obj_uta_default/quantum/command.o
 .progmem.data.__c.6209
                0x00000000000004f6        0x5 .build/obj_uta_default/quantum/command.o
 .progmem.data.__c.6207
                0x00000000000004fb       0x14 .build/obj_uta_default/quantum/command.o
 .progmem.data.__c.6204
                0x000000000000050f        0x2 .build/obj_uta_default/quantum/command.o
 .progmem.data.__c.6202
                0x0000000000000511        0x3 .build/obj_uta_default/quantum/command.o
 .progmem.data.__c.6200
                0x0000000000000514        0x9 .build/obj_uta_default/quantum/command.o
 .progmem.data.__c.6198
                0x000000000000051d        0x2 .build/obj_uta_default/quantum/command.o
 .progmem.data.__c.6196
                0x000000000000051f        0x3 .build/obj_uta_default/quantum/command.o
 .progmem.data.__c.6194
                0x0000000000000522        0xc .build/obj_uta_default/quantum/command.o
 .progmem.data.__c.6192
                0x000000000000052e        0x2 .build/obj_uta_default/quantum/command.o
 .progmem.data.__c.6190
                0x0000000000000530        0x3 .build/obj_uta_default/quantum/command.o
 .progmem.data.__c.6188
                0x0000000000000533        0xa .build/obj_uta_default/quantum/command.o
 .progmem.data.__c.6186
                0x000000000000053d        0x2 .build/obj_uta_default/quantum/command.o
 .progmem.data.__c.6184
                0x000000000000053f        0x3 .build/obj_uta_default/quantum/command.o
 .progmem.data.__c.6182
                0x0000000000000542        0xa .build/obj_uta_default/quantum/command.o
 .progmem.data.__c.6180
                0x000000000000054c        0x2 .build/obj_uta_default/quantum/command.o
 .progmem.data.__c.6178
                0x000000000000054e        0x5 .build/obj_uta_default/quantum/command.o
 .progmem.data.__c.6176
                0x0000000000000553       0x13 .build/obj_uta_default/quantum/command.o
 .progmem.data.__c.6173
                0x0000000000000566        0x2 .build/obj_uta_default/quantum/command.o
 .progmem.data.__c.6171
                0x0000000000000568        0x3 .build/obj_uta_default/quantum/command.o
 .progmem.data.__c.6169
                0x000000000000056b       0x10 .build/obj_uta_default/quantum/command.o
 .progmem.data.__c.6325
                0x000000000000057b        0x2 .build/obj_uta_default/quantum/command.o
 .progmem.data.__c.6317
                0x000000000000057d        0xb .build/obj_uta_default/quantum/command.o
 .progmem.data.__c.6315
                0x0000000000000588        0xa .build/obj_uta_default/quantum/command.o
 .progmem.data.__c.6310
                0x0000000000000592        0xd .build/obj_uta_default/quantum/command.o
 .progmem.data.__c.6308
                0x000000000000059f        0xc .build/obj_uta_default/quantum/command.o
 .progmem.data.__c.6305
                0x00000000000005ab       0x10 .build/obj_uta_default/quantum/command.o
 .progmem.data.__c.6303
                0x00000000000005bb        0xf .build/obj_uta_default/quantum/command.o
 .progmem.data.__c.6300
                0x00000000000005ca        0xe .build/obj_uta_default/quantum/command.o
 .progmem.data.__c.6298
                0x00000000000005d8        0xd .build/obj_uta_default/quantum/command.o
 .progmem.data.__c.6295
                0x00000000000005e5        0xd .build/obj_uta_default/quantum/command.o
 .progmem.data.__c.6293
                0x00000000000005f2        0xc .build/obj_uta_default/quantum/command.o
 .progmem.data.__c.6290
                0x00000000000005fe       0x1c .build/obj_uta_default/quantum/command.o
 .progmem.data.__c.6286
                0x000000000000061a        0x4 .build/obj_uta_default/quantum/command.o
 .progmem.data.__c.6281
                0x000000000000061e       0x11 .build/obj_uta_default/quantum/command.o
 .progmem.data.__c.6277
                0x000000000000062f        0xb .build/obj_uta_default/quantum/command.o
 .progmem.data.__c.5045
                0x000000000000063a        0x2 .build/obj_uta_default/common/host.o
 .progmem.data.__c.5040
                0x000000000000063c        0x6 .build/obj_uta_default/common/host.o
 .progmem.data.__c.5037
                0x0000000000000642       0x12 .build/obj_uta_default/common/host.o
 .progmem.data.__c.6212
                0x0000000000000654        0x2 .build/obj_uta_default/common/keyboard.o
 .progmem.data.__c.6210
                0x0000000000000656        0x5 .build/obj_uta_default/common/keyboard.o
 .progmem.data.__c.6208
                0x000000000000065b       0x13 .build/obj_uta_default/common/keyboard.o
 .progmem.data.__c.5068
                0x000000000000066e       0x1e .build/obj_uta_default/common/report.o
 .progmem.data.__c.5062
                0x000000000000068c       0x1e .build/obj_uta_default/common/report.o
 .progmem.data.__c.6284
                0x00000000000006aa        0x4 .build/obj_uta_default/lufa.o
 .progmem.data.__c.6282
                0x00000000000006ae       0x11 .build/obj_uta_default/lufa.o
 .progmem.data.__c.6180
                0x00000000000006bf        0x4 .build/obj_uta_default/lufa.o
 .progmem.data.__c.6176
                0x00000000000006c3        0x4 .build/obj_uta_default/lufa.o
 .progmem.data.__c.6172
                0x00000000000006c7        0x4 .build/obj_uta_default/lufa.o
 .progmem.data.__c.6167
                0x00000000000006cb        0x4 .build/obj_uta_default/lufa.o
 .progmem.data.__c.6162
                0x00000000000006cf        0x4 .build/obj_uta_default/lufa.o
 .progmem.data.ProductString
                0x00000000000006d3        0xa .build/obj_uta_default/usb_descriptor.o
                0x00000000000006d3                ProductString
 .progmem.data.ManufacturerString
                0x00000000000006dd       0x1e .build/obj_uta_default/usb_descriptor.o
                0x00000000000006dd                ManufacturerString
 .progmem.data.LanguageString
                0x00000000000006fb        0x4 .build/obj_uta_default/usb_descriptor.o
                0x00000000000006fb                LanguageString
 .progmem.data.ConfigurationDescriptor
                0x00000000000006ff       0x5b .build/obj_uta_default/usb_descriptor.o
                0x00000000000006ff                ConfigurationDescriptor
 .progmem.data.DeviceDescriptor
                0x000000000000075a       0x12 .build/obj_uta_default/usb_descriptor.o
                0x000000000000075a                DeviceDescriptor
 .progmem.data.ConsoleReport
                0x000000000000076c       0x22 .build/obj_uta_default/usb_descriptor.o
                0x000000000000076c                ConsoleReport
 .progmem.data.SharedReport
                0x000000000000078e       0x6d .build/obj_uta_default/usb_descriptor.o
                0x000000000000078e                SharedReport
 .progmem.data.KeyboardReport
                0x00000000000007fb       0x40 .build/obj_uta_default/usb_descriptor.o
                0x00000000000007fb                KeyboardReport
                0x000000000000083c                . = ALIGN (0x2)
 *fill*         0x000000000000083b        0x1 
 *(.lowtext)
 *(.lowtext*)
                0x000000000000083c                __ctors_start = .
 *(.ctors)
                0x000000000000083c                __ctors_end = .
                0x000000000000083c                __dtors_start = .
 *(.dtors)
                0x000000000000083c                __dtors_end = .
 SORT_BY_NAME(*)(.ctors)
 SORT_BY_NAME(*)(.dtors)
 *(.init0)
 .init0         0x000000000000083c        0x0 c:/qmk_msys/mingw64/bin/../lib/gcc/avr/8.4.0/../../../../avr/lib/avr5/crtatmega32u4.o
                0x000000000000083c                __init
 *(.init0)
 *(.init1)
 *(.init1)
 *(.init2)
 .init2         0x000000000000083c        0xc c:/qmk_msys/mingw64/bin/../lib/gcc/avr/8.4.0/../../../../avr/lib/avr5/crtatmega32u4.o
 *(.init2)
 *(.init3)
 .init3         0x0000000000000848       0x54 .build/obj_uta_default/common/avr/bootloader.o
                0x0000000000000848                bootloader_jump_after_watchdog_reset
 *(.init3)
 *(.init4)
 .init4         0x000000000000089c       0x16 c:/qmk_msys/mingw64/bin/../lib/gcc/avr/8.4.0/avr5\libgcc.a(_copy_data.o)
                0x000000000000089c                __do_copy_data
 .init4         0x00000000000008b2       0x10 c:/qmk_msys/mingw64/bin/../lib/gcc/avr/8.4.0/avr5\libgcc.a(_clear_bss.o)
                0x00000000000008b2                __do_clear_bss
 *(.init4)
 *(.init5)
 *(.init5)
 *(.init6)
 *(.init6)
 *(.init7)
 *(.init7)
 *(.init8)
 *(.init8)
 *(.init9)
 .init9         0x00000000000008c2        0x8 c:/qmk_msys/mingw64/bin/../lib/gcc/avr/8.4.0/../../../../avr/lib/avr5/crtatmega32u4.o
 *(.init9)
 *(.text)
 .text          0x00000000000008ca        0x4 c:/qmk_msys/mingw64/bin/../lib/gcc/avr/8.4.0/../../../../avr/lib/avr5/crtatmega32u4.o
                0x00000000000008ca                __vector_38
                0x00000000000008ca                __vector_22
                0x00000000000008ca                __vector_28
                0x00000000000008ca                __vector_1
                0x00000000000008ca                __vector_32
                0x00000000000008ca                __vector_34
                0x00000000000008ca                __vector_24
                0x00000000000008ca                __bad_interrupt
                0x00000000000008ca                __vector_6
                0x00000000000008ca                __vector_31
                0x00000000000008ca                __vector_35
                0x00000000000008ca                __vector_39
                0x00000000000008ca                __vector_3
                0x00000000000008ca                __vector_23
                0x00000000000008ca                __vector_30
                0x00000000000008ca                __vector_25
                0x00000000000008ca                __vector_13
                0x00000000000008ca                __vector_17
                0x00000000000008ca                __vector_19
                0x00000000000008ca                __vector_7
                0x00000000000008ca                __vector_41
                0x00000000000008ca                __vector_27
                0x00000000000008ca                __vector_5
                0x00000000000008ca                __vector_33
                0x00000000000008ca                __vector_37
                0x00000000000008ca                __vector_4
                0x00000000000008ca                __vector_9
                0x00000000000008ca                __vector_2
                0x00000000000008ca                __vector_15
                0x00000000000008ca                __vector_36
                0x00000000000008ca                __vector_29
                0x00000000000008ca                __vector_40
                0x00000000000008ca                __vector_8
                0x00000000000008ca                __vector_26
                0x00000000000008ca                __vector_14
                0x00000000000008ca                __vector_16
                0x00000000000008ca                __vector_18
                0x00000000000008ca                __vector_20
                0x00000000000008ca                __vector_42
 .text          0x00000000000008ce      0x15c .build/obj_uta_default/common/avr/xprintf.o
                0x00000000000008ce                xputc
                0x00000000000008e6                xputs
                0x00000000000008f4                xitoa
                0x0000000000000a18                __xprintf
                0x0000000000000a2a                . = ALIGN (0x2)
 *(.text.*)
 .text.encoder_update_user
                0x0000000000000a2a        0xc .build/obj_uta_default/keyboards/uta/keymaps/default/keymap.o
                0x0000000000000a2a                encoder_update_user
 .text.process_action_kb
                0x0000000000000a36        0x4 .build/obj_uta_default/quantum/quantum.o
                0x0000000000000a36                process_action_kb
 .text.process_record_user
                0x0000000000000a3a        0x4 .build/obj_uta_default/quantum/quantum.o
                0x0000000000000a3a                process_record_user
 .text.process_record_kb
                0x0000000000000a3e        0x4 .build/obj_uta_default/quantum/quantum.o
                0x0000000000000a3e                process_record_kb
 .text.post_process_record_user
                0x0000000000000a42        0x2 .build/obj_uta_default/quantum/quantum.o
                0x0000000000000a42                post_process_record_user
 .text.post_process_record_kb
                0x0000000000000a44        0x4 .build/obj_uta_default/quantum/quantum.o
                0x0000000000000a44                post_process_record_kb
 .text.get_event_keycode
                0x0000000000000a48       0x66 .build/obj_uta_default/quantum/quantum.o
                0x0000000000000a48                get_event_keycode
 .text.get_record_keycode
                0x0000000000000aae       0x12 .build/obj_uta_default/quantum/quantum.o
                0x0000000000000aae                get_record_keycode
 .text.post_process_record_quantum
                0x0000000000000ac0       0x16 .build/obj_uta_default/quantum/quantum.o
                0x0000000000000ac0                post_process_record_quantum
 .text.matrix_init_quantum
                0x0000000000000ad6       0x10 .build/obj_uta_default/quantum/quantum.o
                0x0000000000000ad6                matrix_init_quantum
 .text.matrix_scan_quantum
                0x0000000000000ae6        0x4 .build/obj_uta_default/quantum/quantum.o
                0x0000000000000ae6                matrix_scan_quantum
 .text.shutdown_user
                0x0000000000000aea        0x2 .build/obj_uta_default/quantum/quantum.o
                0x0000000000000aea                shutdown_user
 .text.reset_keyboard
                0x0000000000000aec       0x1e .build/obj_uta_default/quantum/quantum.o
                0x0000000000000aec                reset_keyboard
 .text.process_record_quantum
                0x0000000000000b0a       0xa4 .build/obj_uta_default/quantum/quantum.o
                0x0000000000000b0a                process_record_quantum
 .text.bitrev   0x0000000000000bae       0x30 .build/obj_uta_default/quantum/bitwise.o
                0x0000000000000bae                bitrev
 .text.led_set_user
                0x0000000000000bde        0x2 .build/obj_uta_default/quantum/led.o
                0x0000000000000bde                led_set_user
 .text.led_set_kb
                0x0000000000000be0        0x4 .build/obj_uta_default/quantum/led.o
                0x0000000000000be0                led_set_kb
 .text.led_update_user
                0x0000000000000be4        0x4 .build/obj_uta_default/quantum/led.o
                0x0000000000000be4                led_update_user
 .text.led_update_kb
                0x0000000000000be8        0x4 .build/obj_uta_default/quantum/led.o
                0x0000000000000be8                led_update_kb
 .text.led_set  0x0000000000000bec       0x10 .build/obj_uta_default/quantum/led.o
                0x0000000000000bec                led_set
 .text.action_get_macro
                0x0000000000000bfc        0x6 .build/obj_uta_default/quantum/keymap_common.o
                0x0000000000000bfc                action_get_macro
 .text.action_function
                0x0000000000000c02        0x2 .build/obj_uta_default/quantum/keymap_common.o
                0x0000000000000c02                action_function
 .text.keymap_key_to_keycode
                0x0000000000000c04       0x24 .build/obj_uta_default/quantum/keymap_common.o
                0x0000000000000c04                keymap_key_to_keycode
 .text.keymap_function_id_to_action
                0x0000000000000c28       0x10 .build/obj_uta_default/quantum/keymap_common.o
                0x0000000000000c28                keymap_function_id_to_action
 .text.action_for_key
                0x0000000000000c38      0x218 .build/obj_uta_default/quantum/keymap_common.o
                0x0000000000000c38                action_for_key
 .text.keycode_config
                0x0000000000000e50      0x12e .build/obj_uta_default/quantum/keycode_config.o
                0x0000000000000e50                keycode_config
 .text.mod_config
                0x0000000000000f7e       0x86 .build/obj_uta_default/quantum/keycode_config.o
                0x0000000000000f7e                mod_config
 .text.matrix_init_user
                0x0000000000001004        0x2 .build/obj_uta_default/quantum/matrix_common.o
                0x0000000000001004                matrix_init_user
 .text.matrix_init_kb
                0x0000000000001006        0x4 .build/obj_uta_default/quantum/matrix_common.o
                0x0000000000001006                matrix_init_kb
 .text.matrix_scan_user
                0x000000000000100a        0x2 .build/obj_uta_default/quantum/matrix_common.o
                0x000000000000100a                matrix_scan_user
 .text.matrix_scan_kb
                0x000000000000100c        0x4 .build/obj_uta_default/quantum/matrix_common.o
                0x000000000000100c                matrix_scan_kb
 .text.matrix_get_row
                0x0000000000001010        0xc .build/obj_uta_default/quantum/matrix_common.o
                0x0000000000001010                matrix_get_row
 .text.matrix_print
                0x000000000000101c       0x50 .build/obj_uta_default/quantum/matrix_common.o
                0x000000000000101c                matrix_print
 .text.matrix_init
                0x000000000000106c       0x4c .build/obj_uta_default/quantum/matrix.o
                0x000000000000106c                matrix_init
 .text.matrix_scan
                0x00000000000010b8       0x78 .build/obj_uta_default/quantum/matrix.o
                0x00000000000010b8                matrix_scan
 .text.debounce_init
                0x0000000000001130        0x2 .build/obj_uta_default/quantum/debounce/sym_defer_g.o
                0x0000000000001130                debounce_init
 .text.debounce
                0x0000000000001132       0x6c .build/obj_uta_default/quantum/debounce/sym_defer_g.o
                0x0000000000001132                debounce
 .text.switch_default_layer
                0x000000000000119e       0x3c .build/obj_uta_default/quantum/command.o
 .text.command_common
                0x00000000000011da      0x49a .build/obj_uta_default/quantum/command.o
 .text.command_extra
                0x0000000000001674        0x4 .build/obj_uta_default/quantum/command.o
                0x0000000000001674                command_extra
 .text.command_console_extra
                0x0000000000001678        0x4 .build/obj_uta_default/quantum/command.o
                0x0000000000001678                command_console_extra
 .text.command_proc
                0x000000000000167c       0x86 .build/obj_uta_default/quantum/command.o
                0x000000000000167c                command_proc
 .text.encoder_update_kb
                0x0000000000001702        0x4 .build/obj_uta_default/quantum/encoder.o
                0x0000000000001702                encoder_update_kb
 .text.encoder_init
                0x0000000000001706       0x26 .build/obj_uta_default/quantum/encoder.o
                0x0000000000001706                encoder_init
 .text.encoder_read
                0x000000000000172c       0x94 .build/obj_uta_default/quantum/encoder.o
                0x000000000000172c                encoder_read
 .text.perform_space_cadet
                0x00000000000017c0       0xd8 .build/obj_uta_default/quantum/process_keycode/process_space_cadet.o
                0x00000000000017c0                perform_space_cadet
 .text.process_space_cadet
                0x0000000000001898       0xa4 .build/obj_uta_default/quantum/process_keycode/process_space_cadet.o
                0x0000000000001898                process_space_cadet
 .text.process_magic
                0x000000000000193c      0x246 .build/obj_uta_default/quantum/process_keycode/process_magic.o
                0x000000000000193c                process_magic
 .text.process_grave_esc
                0x0000000000001b82       0x54 .build/obj_uta_default/quantum/process_keycode/process_grave_esc.o
                0x0000000000001b82                process_grave_esc
 .text.host_set_driver
                0x0000000000001bd6        0xa .build/obj_uta_default/common/host.o
                0x0000000000001bd6                host_set_driver
 .text.host_keyboard_leds
                0x0000000000001be0       0x18 .build/obj_uta_default/common/host.o
                0x0000000000001be0                host_keyboard_leds
 .text.host_keyboard_send
                0x0000000000001bf8       0xb6 .build/obj_uta_default/common/host.o
                0x0000000000001bf8                host_keyboard_send
 .text.host_system_send
                0x0000000000001cae       0x2c .build/obj_uta_default/common/host.o
                0x0000000000001cae                host_system_send
 .text.host_consumer_send
                0x0000000000001cda       0x2c .build/obj_uta_default/common/host.o
                0x0000000000001cda                host_consumer_send
 .text.last_matrix_activity_trigger
                0x0000000000001d06       0x26 .build/obj_uta_default/common/keyboard.o
                0x0000000000001d06                last_matrix_activity_trigger
 .text.last_encoder_activity_trigger
                0x0000000000001d2c       0x26 .build/obj_uta_default/common/keyboard.o
                0x0000000000001d2c                last_encoder_activity_trigger
 .text.disable_jtag
                0x0000000000001d52        0xe .build/obj_uta_default/common/keyboard.o
                0x0000000000001d52                disable_jtag
 .text.keyboard_pre_init_user
                0x0000000000001d60        0x2 .build/obj_uta_default/common/keyboard.o
                0x0000000000001d60                keyboard_pre_init_user
 .text.matrix_setup
                0x0000000000001d62        0x2 .build/obj_uta_default/common/keyboard.o
                0x0000000000001d62                matrix_setup
 .text.keyboard_pre_init_kb
                0x0000000000001d64        0x4 .build/obj_uta_default/common/keyboard.o
                0x0000000000001d64                keyboard_pre_init_kb
 .text.keyboard_post_init_user
                0x0000000000001d68        0x2 .build/obj_uta_default/common/keyboard.o
                0x0000000000001d68                keyboard_post_init_user
 .text.keyboard_post_init_kb
                0x0000000000001d6a        0x4 .build/obj_uta_default/common/keyboard.o
                0x0000000000001d6a                keyboard_post_init_kb
 .text.keyboard_setup
                0x0000000000001d6e       0x14 .build/obj_uta_default/common/keyboard.o
                0x0000000000001d6e                keyboard_setup
 .text.is_keyboard_master
                0x0000000000001d82        0x4 .build/obj_uta_default/common/keyboard.o
                0x0000000000001d82                is_keyboard_master
 .text.should_process_keypress
                0x0000000000001d86        0x4 .build/obj_uta_default/common/keyboard.o
                0x0000000000001d86                should_process_keypress
 .text.housekeeping_task_kb
                0x0000000000001d8a        0x2 .build/obj_uta_default/common/keyboard.o
                0x0000000000001d8a                housekeeping_task_kb
 .text.housekeeping_task_user
                0x0000000000001d8c        0x2 .build/obj_uta_default/common/keyboard.o
                0x0000000000001d8c                housekeeping_task_user
 .text.keyboard_init
                0x0000000000001d8e       0x14 .build/obj_uta_default/common/keyboard.o
                0x0000000000001d8e                keyboard_init
 .text.keyboard_set_leds
                0x0000000000001da2       0x50 .build/obj_uta_default/common/keyboard.o
                0x0000000000001da2                keyboard_set_leds
 .text.keyboard_task
                0x0000000000001df2      0x110 .build/obj_uta_default/common/keyboard.o
                0x0000000000001df2                keyboard_task
 .text.action_exec
                0x0000000000001f02       0x64 .build/obj_uta_default/common/action.o
                0x0000000000001f02                action_exec
 .text.process_record_tap_hint
                0x0000000000001f66        0xa .build/obj_uta_default/common/action.o
                0x0000000000001f66                process_record_tap_hint
 .text.register_code
                0x0000000000001f70       0x96 .build/obj_uta_default/common/action.o
                0x0000000000001f70                register_code
 .text.unregister_code
                0x0000000000002006       0x50 .build/obj_uta_default/common/action.o
                0x0000000000002006                unregister_code
 .text.tap_code_delay
                0x0000000000002056       0x2e .build/obj_uta_default/common/action.o
                0x0000000000002056                tap_code_delay
 .text.tap_code
                0x0000000000002084       0x10 .build/obj_uta_default/common/action.o
                0x0000000000002084                tap_code
 .text.register_mods
                0x0000000000002094        0xe .build/obj_uta_default/common/action.o
                0x0000000000002094                register_mods
 .text.unregister_mods
                0x00000000000020a2        0xe .build/obj_uta_default/common/action.o
                0x00000000000020a2                unregister_mods
 .text.process_action
                0x00000000000020b0      0x416 .build/obj_uta_default/common/action.o
                0x00000000000020b0                process_action
 .text.process_record_handler
                0x00000000000024c6       0x2e .build/obj_uta_default/common/action.o
                0x00000000000024c6                process_record_handler
 .text.process_record
                0x00000000000024f4       0x50 .build/obj_uta_default/common/action.o
                0x00000000000024f4                process_record
 .text.clear_keyboard_but_mods_and_keys
                0x0000000000002544       0x1c .build/obj_uta_default/common/action.o
                0x0000000000002544                clear_keyboard_but_mods_and_keys
 .text.clear_keyboard_but_mods
                0x0000000000002560        0x8 .build/obj_uta_default/common/action.o
                0x0000000000002560                clear_keyboard_but_mods
 .text.clear_keyboard
                0x0000000000002568        0x8 .build/obj_uta_default/common/action.o
                0x0000000000002568                clear_keyboard
 .text.is_tap_action
                0x0000000000002570       0x3e .build/obj_uta_default/common/action.o
                0x0000000000002570                is_tap_action
 .text.is_tap_key
                0x00000000000025ae        0x8 .build/obj_uta_default/common/action.o
                0x00000000000025ae                is_tap_key
 .text.debug_event
                0x00000000000025b6       0x1e .build/obj_uta_default/common/action.o
                0x00000000000025b6                debug_event
 .text.debug_record
                0x00000000000025d4       0x20 .build/obj_uta_default/common/action.o
                0x00000000000025d4                debug_record
 .text.debug_waiting_buffer
                0x00000000000025f4       0x42 .build/obj_uta_default/common/action_tapping.o
 .text.debug_tapping_key
                0x0000000000002636       0x1c .build/obj_uta_default/common/action_tapping.o
 .text.waiting_buffer_scan_tap
                0x0000000000002652       0xac .build/obj_uta_default/common/action_tapping.o
 .text.process_tapping
                0x00000000000026fe      0x356 .build/obj_uta_default/common/action_tapping.o
 .text.action_tapping_process
                0x0000000000002a54      0x134 .build/obj_uta_default/common/action_tapping.o
                0x0000000000002a54                action_tapping_process
 .text.action_macro_play
                0x0000000000002b88       0xf0 .build/obj_uta_default/common/action_macro.o
                0x0000000000002b88                action_macro_play
 .text.default_layer_state_set_user
                0x0000000000002c78        0x2 .build/obj_uta_default/common/action_layer.o
                0x0000000000002c78                default_layer_state_set_user
 .text.default_layer_state_set_kb
                0x0000000000002c7a        0x4 .build/obj_uta_default/common/action_layer.o
                0x0000000000002c7a                default_layer_state_set_kb
 .text.default_layer_state_set
                0x0000000000002c7e       0x18 .build/obj_uta_default/common/action_layer.o
 .text.default_layer_debug
                0x0000000000002c96        0x2 .build/obj_uta_default/common/action_layer.o
                0x0000000000002c96                default_layer_debug
 .text.default_layer_set
                0x0000000000002c98        0x4 .build/obj_uta_default/common/action_layer.o
                0x0000000000002c98                default_layer_set
 .text.default_layer_or
                0x0000000000002c9c       0x24 .build/obj_uta_default/common/action_layer.o
                0x0000000000002c9c                default_layer_or
 .text.default_layer_and
                0x0000000000002cc0       0x24 .build/obj_uta_default/common/action_layer.o
                0x0000000000002cc0                default_layer_and
 .text.default_layer_xor
                0x0000000000002ce4       0x24 .build/obj_uta_default/common/action_layer.o
                0x0000000000002ce4                default_layer_xor
 .text.layer_state_set_user
                0x0000000000002d08        0x4 .build/obj_uta_default/common/action_layer.o
                0x0000000000002d08                layer_state_set_user
 .text.layer_state_set_kb
                0x0000000000002d0c        0x4 .build/obj_uta_default/common/action_layer.o
                0x0000000000002d0c                layer_state_set_kb
 .text.layer_state_set
                0x0000000000002d10       0x18 .build/obj_uta_default/common/action_layer.o
                0x0000000000002d10                layer_state_set
 .text.layer_clear
                0x0000000000002d28        0xa .build/obj_uta_default/common/action_layer.o
                0x0000000000002d28                layer_clear
 .text.layer_move
                0x0000000000002d32       0x2a .build/obj_uta_default/common/action_layer.o
                0x0000000000002d32                layer_move
 .text.layer_on
                0x0000000000002d5c       0x42 .build/obj_uta_default/common/action_layer.o
                0x0000000000002d5c                layer_on
 .text.layer_off
                0x0000000000002d9e       0x46 .build/obj_uta_default/common/action_layer.o
                0x0000000000002d9e                layer_off
 .text.layer_invert
                0x0000000000002de4       0x42 .build/obj_uta_default/common/action_layer.o
                0x0000000000002de4                layer_invert
 .text.layer_or
                0x0000000000002e26       0x24 .build/obj_uta_default/common/action_layer.o
                0x0000000000002e26                layer_or
 .text.layer_and
                0x0000000000002e4a       0x24 .build/obj_uta_default/common/action_layer.o
                0x0000000000002e4a                layer_and
 .text.layer_xor
                0x0000000000002e6e       0x24 .build/obj_uta_default/common/action_layer.o
                0x0000000000002e6e                layer_xor
 .text.layer_debug
                0x0000000000002e92        0x2 .build/obj_uta_default/common/action_layer.o
                0x0000000000002e92                layer_debug
 .text.update_source_layers_cache
                0x0000000000002e94       0x58 .build/obj_uta_default/common/action_layer.o
                0x0000000000002e94                update_source_layers_cache
 .text.read_source_layers_cache
                0x0000000000002eec       0x4e .build/obj_uta_default/common/action_layer.o
                0x0000000000002eec                read_source_layers_cache
 .text.layer_switch_get_layer
                0x0000000000002f3a       0x84 .build/obj_uta_default/common/action_layer.o
                0x0000000000002f3a                layer_switch_get_layer
 .text.layer_switch_get_action
                0x0000000000002fbe       0x14 .build/obj_uta_default/common/action_layer.o
                0x0000000000002fbe                layer_switch_get_action
 .text.store_or_get_action
                0x0000000000002fd2       0x48 .build/obj_uta_default/common/action_layer.o
                0x0000000000002fd2                store_or_get_action
 .text.add_key  0x000000000000301a        0xe .build/obj_uta_default/common/action_util.o
                0x000000000000301a                add_key
 .text.del_key  0x0000000000003028        0xe .build/obj_uta_default/common/action_util.o
                0x0000000000003028                del_key
 .text.clear_keys
                0x0000000000003036        0xc .build/obj_uta_default/common/action_util.o
                0x0000000000003036                clear_keys
 .text.get_oneshot_layer
                0x0000000000003042        0xc .build/obj_uta_default/common/action_util.o
                0x0000000000003042                get_oneshot_layer
 .text.get_oneshot_layer_state
                0x000000000000304e        0x8 .build/obj_uta_default/common/action_util.o
                0x000000000000304e                get_oneshot_layer_state
 .text.is_oneshot_layer_active
                0x0000000000003056        0xe .build/obj_uta_default/common/action_util.o
                0x0000000000003056                is_oneshot_layer_active
 .text.get_mods
                0x0000000000003064        0x6 .build/obj_uta_default/common/action_util.o
                0x0000000000003064                get_mods
 .text.add_mods
                0x000000000000306a        0xc .build/obj_uta_default/common/action_util.o
                0x000000000000306a                add_mods
 .text.del_mods
                0x0000000000003076        0xe .build/obj_uta_default/common/action_util.o
                0x0000000000003076                del_mods
 .text.clear_mods
                0x0000000000003084        0x6 .build/obj_uta_default/common/action_util.o
                0x0000000000003084                clear_mods
 .text.add_weak_mods
                0x000000000000308a        0xc .build/obj_uta_default/common/action_util.o
                0x000000000000308a                add_weak_mods
 .text.del_weak_mods
                0x0000000000003096        0xe .build/obj_uta_default/common/action_util.o
                0x0000000000003096                del_weak_mods
 .text.clear_weak_mods
                0x00000000000030a4        0x6 .build/obj_uta_default/common/action_util.o
                0x00000000000030a4                clear_weak_mods
 .text.add_macro_mods
                0x00000000000030aa        0xc .build/obj_uta_default/common/action_util.o
                0x00000000000030aa                add_macro_mods
 .text.del_macro_mods
                0x00000000000030b6        0xe .build/obj_uta_default/common/action_util.o
                0x00000000000030b6                del_macro_mods
 .text.clear_macro_mods
                0x00000000000030c4        0x6 .build/obj_uta_default/common/action_util.o
                0x00000000000030c4                clear_macro_mods
 .text.get_oneshot_mods
                0x00000000000030ca        0x6 .build/obj_uta_default/common/action_util.o
                0x00000000000030ca                get_oneshot_mods
 .text.oneshot_mods_changed_user
                0x00000000000030d0        0x2 .build/obj_uta_default/common/action_util.o
                0x00000000000030d0                oneshot_mods_changed_user
 .text.oneshot_mods_changed_kb
                0x00000000000030d2        0x4 .build/obj_uta_default/common/action_util.o
                0x00000000000030d2                oneshot_mods_changed_kb
 .text.set_oneshot_mods
                0x00000000000030d6       0x12 .build/obj_uta_default/common/action_util.o
                0x00000000000030d6                set_oneshot_mods
 .text.clear_oneshot_mods
                0x00000000000030e8       0x14 .build/obj_uta_default/common/action_util.o
                0x00000000000030e8                clear_oneshot_mods
 .text.send_keyboard_report
                0x00000000000030fc       0x66 .build/obj_uta_default/common/action_util.o
                0x00000000000030fc                send_keyboard_report
 .text.oneshot_layer_changed_user
                0x0000000000003162        0x2 .build/obj_uta_default/common/action_util.o
                0x0000000000003162                oneshot_layer_changed_user
 .text.oneshot_layer_changed_kb
                0x0000000000003164        0x4 .build/obj_uta_default/common/action_util.o
                0x0000000000003164                oneshot_layer_changed_kb
 .text.set_oneshot_layer
                0x0000000000003168       0x20 .build/obj_uta_default/common/action_util.o
                0x0000000000003168                set_oneshot_layer
 .text.reset_oneshot_layer
                0x0000000000003188        0xa .build/obj_uta_default/common/action_util.o
                0x0000000000003188                reset_oneshot_layer
 .text.clear_oneshot_layer_state
                0x0000000000003192       0x30 .build/obj_uta_default/common/action_util.o
                0x0000000000003192                clear_oneshot_layer_state
 .text.eeconfig_is_enabled
                0x00000000000031c2       0x16 .build/obj_uta_default/common/eeconfig.o
                0x00000000000031c2                eeconfig_is_enabled
 .text.eeconfig_read_debug
                0x00000000000031d8        0x8 .build/obj_uta_default/common/eeconfig.o
                0x00000000000031d8                eeconfig_read_debug
 .text.eeconfig_read_default_layer
                0x00000000000031e0        0x8 .build/obj_uta_default/common/eeconfig.o
                0x00000000000031e0                eeconfig_read_default_layer
 .text.eeconfig_read_keymap
                0x00000000000031e8       0x1c .build/obj_uta_default/common/eeconfig.o
                0x00000000000031e8                eeconfig_read_keymap
 .text.eeconfig_update_keymap
                0x0000000000003204       0x1a .build/obj_uta_default/common/eeconfig.o
                0x0000000000003204                eeconfig_update_keymap
 .text.eeconfig_update_kb
                0x000000000000321e        0xc .build/obj_uta_default/common/eeconfig.o
                0x000000000000321e                eeconfig_update_kb
 .text.eeconfig_update_user
                0x000000000000322a        0xc .build/obj_uta_default/common/eeconfig.o
                0x000000000000322a                eeconfig_update_user
 .text.eeconfig_init_user
                0x0000000000003236        0xa .build/obj_uta_default/common/eeconfig.o
                0x0000000000003236                eeconfig_init_user
 .text.eeconfig_init_kb
                0x0000000000003240        0xe .build/obj_uta_default/common/eeconfig.o
                0x0000000000003240                eeconfig_init_kb
 .text.eeconfig_init_quantum
                0x000000000000324e       0xbc .build/obj_uta_default/common/eeconfig.o
                0x000000000000324e                eeconfig_init_quantum
 .text.eeconfig_init
                0x000000000000330a        0x4 .build/obj_uta_default/common/eeconfig.o
                0x000000000000330a                eeconfig_init
 .text.eeconfig_update_handedness
                0x000000000000330e        0xa .build/obj_uta_default/common/eeconfig.o
                0x000000000000330e                eeconfig_update_handedness
 .text.has_anykey
                0x0000000000003318       0x28 .build/obj_uta_default/common/report.o
                0x0000000000003318                has_anykey
 .text.is_key_pressed
                0x0000000000003340       0x60 .build/obj_uta_default/common/report.o
                0x0000000000003340                is_key_pressed
 .text.add_key_byte
                0x00000000000033a0       0x34 .build/obj_uta_default/common/report.o
                0x00000000000033a0                add_key_byte
 .text.del_key_byte
                0x00000000000033d4       0x1a .build/obj_uta_default/common/report.o
                0x00000000000033d4                del_key_byte
 .text.add_key_bit
                0x00000000000033ee       0x4a .build/obj_uta_default/common/report.o
                0x00000000000033ee                add_key_bit
 .text.del_key_bit
                0x0000000000003438       0x4c .build/obj_uta_default/common/report.o
                0x0000000000003438                del_key_bit
 .text.add_key_to_report
                0x0000000000003484       0x16 .build/obj_uta_default/common/report.o
                0x0000000000003484                add_key_to_report
 .text.del_key_from_report
                0x000000000000349a       0x16 .build/obj_uta_default/common/report.o
                0x000000000000349a                del_key_from_report
 .text.clear_keys_from_report
                0x00000000000034b0       0x24 .build/obj_uta_default/common/report.o
                0x00000000000034b0                clear_keys_from_report
 .text.matrix_power_up
                0x00000000000034d4        0x2 .build/obj_uta_default/common/avr/suspend.o
                0x00000000000034d4                matrix_power_up
 .text.suspend_power_down_user
                0x00000000000034d6        0x2 .build/obj_uta_default/common/avr/suspend.o
                0x00000000000034d6                suspend_power_down_user
 .text.suspend_power_down_kb
                0x00000000000034d8        0x4 .build/obj_uta_default/common/avr/suspend.o
                0x00000000000034d8                suspend_power_down_kb
 .text.suspend_power_down
                0x00000000000034dc       0x5c .build/obj_uta_default/common/avr/suspend.o
                0x00000000000034dc                suspend_power_down
 .text.matrix_power_down
                0x0000000000003538        0x2 .build/obj_uta_default/common/avr/suspend.o
                0x0000000000003538                matrix_power_down
 .text.suspend_wakeup_condition
                0x000000000000353a       0x1e .build/obj_uta_default/common/avr/suspend.o
                0x000000000000353a                suspend_wakeup_condition
 .text.suspend_wakeup_init_user
                0x0000000000003558        0x2 .build/obj_uta_default/common/avr/suspend.o
                0x0000000000003558                suspend_wakeup_init_user
 .text.suspend_wakeup_init_kb
                0x000000000000355a        0x4 .build/obj_uta_default/common/avr/suspend.o
                0x000000000000355a                suspend_wakeup_init_kb
 .text.suspend_wakeup_init
                0x000000000000355e       0x10 .build/obj_uta_default/common/avr/suspend.o
                0x000000000000355e                suspend_wakeup_init
 .text.__vector_12
                0x000000000000356e       0x4e .build/obj_uta_default/common/avr/suspend.o
                0x000000000000356e                __vector_12
 .text.timer_init
                0x00000000000035bc       0x12 .build/obj_uta_default/common/avr/timer.o
                0x00000000000035bc                timer_init
 .text.timer_read
                0x00000000000035ce       0x18 .build/obj_uta_default/common/avr/timer.o
                0x00000000000035ce                timer_read
 .text.timer_read32
                0x00000000000035e6       0x18 .build/obj_uta_default/common/avr/timer.o
                0x00000000000035e6                timer_read32
 .text.timer_elapsed
                0x00000000000035fe       0x1e .build/obj_uta_default/common/avr/timer.o
                0x00000000000035fe                timer_elapsed
 .text.__vector_21
                0x000000000000361c       0x48 .build/obj_uta_default/common/avr/timer.o
                0x000000000000361c                __vector_21
 .text.bootloader_jump
                0x0000000000003664       0x22 .build/obj_uta_default/common/avr/bootloader.o
                0x0000000000003664                bootloader_jump
 .text.print_set_sendchar
                0x0000000000003686        0xa .build/obj_uta_default/common/avr/printf.o
                0x0000000000003686                print_set_sendchar
 .text.magic    0x0000000000003690       0x44 .build/obj_uta_default/common/magic.o
                0x0000000000003690                magic
 .text.keyboard_leds
                0x00000000000036d4        0x6 .build/obj_uta_default/lufa.o
 .text.send_mouse
                0x00000000000036da        0x2 .build/obj_uta_default/lufa.o
 .text.send_extra
                0x00000000000036dc       0x66 .build/obj_uta_default/lufa.o
 .text.send_consumer
                0x0000000000003742        0x8 .build/obj_uta_default/lufa.o
 .text.send_system
                0x000000000000374a        0x8 .build/obj_uta_default/lufa.o
 .text.send_keyboard
                0x0000000000003752       0x80 .build/obj_uta_default/lufa.o
 .text.EVENT_USB_Device_Connect
                0x00000000000037d2       0x24 .build/obj_uta_default/lufa.o
                0x00000000000037d2                EVENT_USB_Device_Connect
 .text.EVENT_USB_Device_Disconnect
                0x00000000000037f6        0xe .build/obj_uta_default/lufa.o
                0x00000000000037f6                EVENT_USB_Device_Disconnect
 .text.EVENT_USB_Device_Reset
                0x0000000000003804        0x8 .build/obj_uta_default/lufa.o
                0x0000000000003804                EVENT_USB_Device_Reset
 .text.EVENT_USB_Device_Suspend
                0x000000000000380c        0x8 .build/obj_uta_default/lufa.o
                0x000000000000380c                EVENT_USB_Device_Suspend
 .text.EVENT_USB_Device_WakeUp
                0x0000000000003814        0x8 .build/obj_uta_default/lufa.o
                0x0000000000003814                EVENT_USB_Device_WakeUp
 .text.EVENT_USB_Device_StartOfFrame
                0x000000000000381c       0x82 .build/obj_uta_default/lufa.o
                0x000000000000381c                EVENT_USB_Device_StartOfFrame
 .text.EVENT_USB_Device_ConfigurationChanged
                0x000000000000389e       0x1e .build/obj_uta_default/lufa.o
                0x000000000000389e                EVENT_USB_Device_ConfigurationChanged
 .text.EVENT_USB_Device_ControlRequest
                0x00000000000038bc      0x16e .build/obj_uta_default/lufa.o
                0x00000000000038bc                EVENT_USB_Device_ControlRequest
 .text.sendchar
                0x0000000000003a2a       0xc4 .build/obj_uta_default/lufa.o
                0x0000000000003a2a                sendchar
 .text.startup.main
                0x0000000000003aee       0xa6 .build/obj_uta_default/lufa.o
                0x0000000000003aee                main
 .text.CALLBACK_USB_GetDescriptor
                0x0000000000003b94        0x4 .build/obj_uta_default/lufa.o
                0x0000000000003b94                CALLBACK_USB_GetDescriptor
 .text.get_usb_descriptor
                0x0000000000003b98       0xae .build/obj_uta_default/usb_descriptor.o
                0x0000000000003b98                get_usb_descriptor
 .text.USB_Device_SendRemoteWakeup
                0x0000000000003c46       0x2c .build/obj_uta_default/lib/lufa/LUFA/Drivers/USB/Core/AVR8/Device_AVR8.o
                0x0000000000003c46                USB_Device_SendRemoteWakeup
 .text.Endpoint_Write_Stream_LE
                0x0000000000003c72       0x9e .build/obj_uta_default/lib/lufa/LUFA/Drivers/USB/Core/AVR8/EndpointStream_AVR8.o
                0x0000000000003c72                Endpoint_Write_Stream_LE
 .text.Endpoint_Write_Control_Stream_LE
                0x0000000000003d10       0xbc .build/obj_uta_default/lib/lufa/LUFA/Drivers/USB/Core/AVR8/EndpointStream_AVR8.o
                0x0000000000003d10                Endpoint_Write_Control_Stream_LE
 .text.Endpoint_Write_Control_PStream_LE
                0x0000000000003dcc       0xbe .build/obj_uta_default/lib/lufa/LUFA/Drivers/USB/Core/AVR8/EndpointStream_AVR8.o
                0x0000000000003dcc                Endpoint_Write_Control_PStream_LE
 .text.Endpoint_ConfigureEndpoint_Prv
                0x0000000000003e8a       0x68 .build/obj_uta_default/lib/lufa/LUFA/Drivers/USB/Core/AVR8/Endpoint_AVR8.o
                0x0000000000003e8a                Endpoint_ConfigureEndpoint_Prv
 .text.Endpoint_ClearStatusStage
                0x0000000000003ef2       0x3e .build/obj_uta_default/lib/lufa/LUFA/Drivers/USB/Core/AVR8/Endpoint_AVR8.o
                0x0000000000003ef2                Endpoint_ClearStatusStage
 .text.Endpoint_WaitUntilReady
                0x0000000000003f30       0x62 .build/obj_uta_default/lib/lufa/LUFA/Drivers/USB/Core/AVR8/Endpoint_AVR8.o
                0x0000000000003f30                Endpoint_WaitUntilReady
 .text.USB_Disable
                0x0000000000003f92       0x34 .build/obj_uta_default/lib/lufa/LUFA/Drivers/USB/Core/AVR8/USBController_AVR8.o
                0x0000000000003f92                USB_Disable
 .text.USB_ResetInterface
                0x0000000000003fc6       0x86 .build/obj_uta_default/lib/lufa/LUFA/Drivers/USB/Core/AVR8/USBController_AVR8.o
                0x0000000000003fc6                USB_ResetInterface
 .text.USB_Init
                0x000000000000404c       0x22 .build/obj_uta_default/lib/lufa/LUFA/Drivers/USB/Core/AVR8/USBController_AVR8.o
                0x000000000000404c                USB_Init
 .text.USB_INT_DisableAllInterrupts
                0x000000000000406e       0x10 .build/obj_uta_default/lib/lufa/LUFA/Drivers/USB/Core/AVR8/USBInterrupt_AVR8.o
                0x000000000000406e                USB_INT_DisableAllInterrupts
 .text.USB_INT_ClearAllInterrupts
                0x000000000000407e        0xa .build/obj_uta_default/lib/lufa/LUFA/Drivers/USB/Core/AVR8/USBInterrupt_AVR8.o
                0x000000000000407e                USB_INT_ClearAllInterrupts
 .text.__vector_10
                0x0000000000004088      0x1a8 .build/obj_uta_default/lib/lufa/LUFA/Drivers/USB/Core/AVR8/USBInterrupt_AVR8.o
                0x0000000000004088                __vector_10
 .text.__vector_11
                0x0000000000004230       0x88 .build/obj_uta_default/lib/lufa/LUFA/Drivers/USB/Core/AVR8/USBInterrupt_AVR8.o
                0x0000000000004230                __vector_11
 .text.USB_Device_ProcessControlRequest
                0x00000000000042b8      0x2a4 .build/obj_uta_default/lib/lufa/LUFA/Drivers/USB/Core/DeviceStandardReq.o
                0x00000000000042b8                USB_Device_ProcessControlRequest
 .text.USB_USBTask
                0x000000000000455c       0x36 .build/obj_uta_default/lib/lufa/LUFA/Drivers/USB/Core/USBTask.o
                0x000000000000455c                USB_USBTask
 .text.libgcc.div
                0x0000000000004592       0x18 c:/qmk_msys/mingw64/bin/../lib/gcc/avr/8.4.0/avr5\libgcc.a(_udivmodqi4.o)
                0x0000000000004592                __udivmodqi4
 .text.libgcc.div
                0x00000000000045aa       0x28 c:/qmk_msys/mingw64/bin/../lib/gcc/avr/8.4.0/avr5\libgcc.a(_divmodhi4.o)
                0x00000000000045aa                _div
                0x00000000000045aa                __divmodhi4
 .text.libgcc   0x00000000000045d2        0xc c:/qmk_msys/mingw64/bin/../lib/gcc/avr/8.4.0/avr5\libgcc.a(_tablejump2.o)
                0x00000000000045d2                __tablejump2__
 .text.libgcc.div
                0x00000000000045de       0x28 c:/qmk_msys/mingw64/bin/../lib/gcc/avr/8.4.0/avr5\libgcc.a(_udivmodhi4.o)
                0x00000000000045de                __udivmodhi4
 .text.avr-libc
                0x0000000000004606       0x10 c:/qmk_msys/mingw64/bin/../lib/gcc/avr/8.4.0/../../../../avr/lib/avr5\libatmega32u4.a(eerd_byte.o)
                0x0000000000004606                eeprom_read_byte
 .text.avr-libc
                0x0000000000004616        0xc c:/qmk_msys/mingw64/bin/../lib/gcc/avr/8.4.0/../../../../avr/lib/avr5\libatmega32u4.a(eerd_word.o)
                0x0000000000004616                eeprom_read_word
 .text.avr-libc
                0x0000000000004622       0x24 c:/qmk_msys/mingw64/bin/../lib/gcc/avr/8.4.0/../../../../avr/lib/avr5\libatmega32u4.a(eeupd_byte.o)
                0x0000000000004622                eeprom_update_byte
                0x0000000000004624                eeprom_update_r18
 .text.avr-libc
                0x0000000000004646       0x18 c:/qmk_msys/mingw64/bin/../lib/gcc/avr/8.4.0/../../../../avr/lib/avr5\libatmega32u4.a(eeupd_dword.o)
                0x0000000000004646                eeprom_update_float
                0x0000000000004646                eeprom_update_dword
 .text.avr-libc
                0x000000000000465e        0xc c:/qmk_msys/mingw64/bin/../lib/gcc/avr/8.4.0/../../../../avr/lib/avr5\libatmega32u4.a(eeupd_word.o)
                0x000000000000465e                eeprom_update_word
 .text.avr-libc
                0x000000000000466a       0x20 c:/qmk_msys/mingw64/bin/../lib/gcc/avr/8.4.0/../../../../avr/lib/avr5\libatmega32u4.a(eerd_block.o)
                0x000000000000466a                eeprom_read_block
                0x000000000000466e                eeprom_read_blraw
                0x000000000000468a                . = ALIGN (0x2)
 *(.fini9)
 .fini9         0x000000000000468a        0x0 c:/qmk_msys/mingw64/bin/../lib/gcc/avr/8.4.0/avr5\libgcc.a(_exit.o)
                0x000000000000468a                _exit
                0x000000000000468a                exit
 *(.fini9)
 *(.fini8)
 *(.fini8)
 *(.fini7)
 *(.fini7)
 *(.fini6)
 *(.fini6)
 *(.fini5)
 *(.fini5)
 *(.fini4)
 *(.fini4)
 *(.fini3)
 *(.fini3)
 *(.fini2)
 *(.fini2)
 *(.fini1)
 *(.fini1)
 *(.fini0)
 .fini0         0x000000000000468a        0x4 c:/qmk_msys/mingw64/bin/../lib/gcc/avr/8.4.0/avr5\libgcc.a(_exit.o)
 *(.fini0)
 *(.hightext)
 *(.hightext*)
 *(.progmemx.*)
                0x000000000000468e                . = ALIGN (0x2)
 *(.jumptables)
 *(.jumptables*)
 .jumptables.gcc.command_common
                0x000000000000468e       0x7e .build/obj_uta_default/quantum/command.o
 .jumptables.gcc.process_action
                0x000000000000470c       0x20 .build/obj_uta_default/common/action.o
 .jumptables.gcc.is_tap_action
                0x000000000000472c       0x1c .build/obj_uta_default/common/action.o
 .jumptables.gcc.USB_Device_ProcessControlRequest
                0x0000000000004748       0x14 .build/obj_uta_default/lib/lufa/LUFA/Drivers/USB/Core/DeviceStandardReq.o
                0x000000000000475c                _etext = .

.data           0x0000000000800100       0x92 load address 0x000000000000475c
                0x0000000000800100                PROVIDE (__data_start = .)
 *(.data)
 *(.data*)
 .data.keyboard_report
                0x0000000000800100        0x2 .build/obj_uta_default/common/action_util.o
                0x0000000000800100                keyboard_report
 .data.lufa_driver
                0x0000000000800102        0xa .build/obj_uta_default/lufa.o
                0x0000000000800102                lufa_driver
 .data.keyboard_protocol
                0x000000000080010c        0x1 .build/obj_uta_default/lufa.o
                0x000000000080010c                keyboard_protocol
 *(.gnu.linkonce.d*)
 *(.rodata)
 *(.rodata*)
 .rodata.CSWTCH.1
                0x000000000080010d       0x2e .build/obj_uta_default/quantum/keymap_common.o
 .rodata.CSWTCH.0
                0x000000000080013b        0x3 .build/obj_uta_default/quantum/keymap_common.o
 .rodata.direct_pins
                0x000000000080013e        0x4 .build/obj_uta_default/quantum/matrix.o
 .rodata.encoder_LUT
                0x0000000000800142       0x10 .build/obj_uta_default/quantum/encoder.o
 .rodata.CSWTCH.12
                0x0000000000800152       0x2e .build/obj_uta_default/common/action.o
 .rodata.CSWTCH.11
                0x0000000000800180        0x3 .build/obj_uta_default/common/action.o
 .rodata.CSWTCH.2
                0x0000000000800183        0x3 .build/obj_uta_default/usb_descriptor.o
 .rodata.CSWTCH.1
                0x0000000000800186        0x6 .build/obj_uta_default/usb_descriptor.o
 .rodata.CSWTCH.0
                0x000000000080018c        0x6 .build/obj_uta_default/usb_descriptor.o
 *(.gnu.linkonce.r*)
                0x0000000000800192                . = ALIGN (0x2)
                0x0000000000800192                _edata = .
                0x0000000000800192                PROVIDE (__data_end = .)

.bss            0x0000000000800192       0xc8
                0x0000000000800192                PROVIDE (__bss_start = .)
 *(.bss)
 .bss           0x0000000000800192        0x2 .build/obj_uta_default/common/avr/xprintf.o
                0x0000000000800192                xfunc_out
 *(.bss*)
 .bss.debouncing_time
                0x0000000000800194        0x2 .build/obj_uta_default/quantum/debounce/sym_defer_g.o
 .bss.debouncing
                0x0000000000800196        0x1 .build/obj_uta_default/quantum/debounce/sym_defer_g.o
 .bss.command_state
                0x0000000000800197        0x1 .build/obj_uta_default/quantum/command.o
                0x0000000000800197                command_state
 .bss.encoder_value
                0x0000000000800198        0x1 .build/obj_uta_default/quantum/encoder.o
 .bss.encoder_pulses
                0x0000000000800199        0x1 .build/obj_uta_default/quantum/encoder.o
 .bss.encoder_state
                0x000000000080019a        0x1 .build/obj_uta_default/quantum/encoder.o
 .bss.sc_timer  0x000000000080019b        0x2 .build/obj_uta_default/quantum/process_keycode/process_space_cadet.o
 .bss.sc_last   0x000000000080019d        0x1 .build/obj_uta_default/quantum/process_keycode/process_space_cadet.o
 .bss.grave_esc_was_shifted
                0x000000000080019e        0x1 .build/obj_uta_default/quantum/process_keycode/process_grave_esc.o
 .bss.last_consumer_report
                0x000000000080019f        0x2 .build/obj_uta_default/common/host.o
 .bss.last_system_report
                0x00000000008001a1        0x2 .build/obj_uta_default/common/host.o
 .bss.driver    0x00000000008001a3        0x2 .build/obj_uta_default/common/host.o
 .bss.led_status.6186
                0x00000000008001a5        0x1 .build/obj_uta_default/common/keyboard.o
 .bss.matrix_prev.6185
                0x00000000008001a6        0x1 .build/obj_uta_default/common/keyboard.o
 .bss.last_encoder_modification_time
                0x00000000008001a7        0x4 .build/obj_uta_default/common/keyboard.o
 .bss.last_matrix_modification_time
                0x00000000008001ab        0x4 .build/obj_uta_default/common/keyboard.o
 .bss.last_input_modification_time
                0x00000000008001af        0x4 .build/obj_uta_default/common/keyboard.o
 .bss.disable_action_cache
                0x00000000008001b3        0x1 .build/obj_uta_default/common/action.o
                0x00000000008001b3                disable_action_cache
 .bss.waiting_buffer_tail
                0x00000000008001b4        0x1 .build/obj_uta_default/common/action_tapping.o
 .bss.waiting_buffer_head
                0x00000000008001b5        0x1 .build/obj_uta_default/common/action_tapping.o
 .bss.waiting_buffer
                0x00000000008001b6       0x30 .build/obj_uta_default/common/action_tapping.o
 .bss.tapping_key
                0x00000000008001e6        0x6 .build/obj_uta_default/common/action_tapping.o
 .bss.source_layers_cache
                0x00000000008001ec        0x5 .build/obj_uta_default/common/action_layer.o
                0x00000000008001ec                source_layers_cache
 .bss.layer_state
                0x00000000008001f1        0x4 .build/obj_uta_default/common/action_layer.o
                0x00000000008001f1                layer_state
 .bss.default_layer_state
                0x00000000008001f5        0x4 .build/obj_uta_default/common/action_layer.o
                0x00000000008001f5                default_layer_state
 .bss.oneshot_layer_data
                0x00000000008001f9        0x1 .build/obj_uta_default/common/action_util.o
 .bss.oneshot_mods
                0x00000000008001fa        0x1 .build/obj_uta_default/common/action_util.o
 .bss.__compound_literal.0
                0x00000000008001fb       0x20 .build/obj_uta_default/common/action_util.o
 .bss.macro_mods
                0x000000000080021b        0x1 .build/obj_uta_default/common/action_util.o
 .bss.weak_mods
                0x000000000080021c        0x1 .build/obj_uta_default/common/action_util.o
 .bss.real_mods
                0x000000000080021d        0x1 .build/obj_uta_default/common/action_util.o
 .bss.debug_config
                0x000000000080021e        0x1 .build/obj_uta_default/common/debug.o
                0x000000000080021e                debug_config
 .bss.wdt_timeout
                0x000000000080021f        0x1 .build/obj_uta_default/common/avr/suspend.o
 .bss.timeouted.6251
                0x0000000000800220        0x1 .build/obj_uta_default/lufa.o
 .bss.count.6186
                0x0000000000800221        0x1 .build/obj_uta_default/lufa.o
 .bss.console_flush
                0x0000000000800222        0x1 .build/obj_uta_default/lufa.o
 .bss.keyboard_report_sent
                0x0000000000800223       0x20 .build/obj_uta_default/lufa.o
 .bss.keyboard_led_state
                0x0000000000800243        0x1 .build/obj_uta_default/lufa.o
 .bss.keyboard_idle
                0x0000000000800244        0x1 .build/obj_uta_default/lufa.o
                0x0000000000800244                keyboard_idle
 *(COMMON)
 COMMON         0x0000000000800245        0x2 .build/obj_uta_default/quantum/matrix_common.o
                0x0000000000800245                raw_matrix
                0x0000000000800246                matrix
 COMMON         0x0000000000800247        0x4 .build/obj_uta_default/common/avr/timer.o
                0x0000000000800247                timer_count
 COMMON         0x000000000080024b        0x2 .build/obj_uta_default/common/magic.o
                0x000000000080024b                keymap_config
 COMMON         0x000000000080024d        0x3 .build/obj_uta_default/lib/lufa/LUFA/Drivers/USB/Core/DeviceStandardReq.o
                0x000000000080024d                USB_Device_ConfigurationNumber
                0x000000000080024e                USB_Device_CurrentlySelfPowered
                0x000000000080024f                USB_Device_RemoteWakeupEnabled
 COMMON         0x0000000000800250        0xa .build/obj_uta_default/lib/lufa/LUFA/Drivers/USB/Core/USBTask.o
                0x0000000000800250                USB_IsInitialized
                0x0000000000800251                USB_DeviceState
                0x0000000000800252                USB_ControlRequest
                0x000000000080025a                PROVIDE (__bss_end = .)
                0x000000000000475c                __data_load_start = LOADADDR (.data)
                0x00000000000047ee                __data_load_end = (__data_load_start + SIZEOF (.data))

.noinit         0x000000000080025a        0x4
                [!provide]                        PROVIDE (__noinit_start = .)
 *(.noinit*)
 .noinit        0x000000000080025a        0x4 .build/obj_uta_default/common/avr/bootloader.o
                0x000000000080025a                reset_key
                [!provide]                        PROVIDE (__noinit_end = .)
                0x000000000080025e                _end = .
                [!provide]                        PROVIDE (__heap_start = .)

.eeprom         0x0000000000810000        0x0
 *(.eeprom*)
                0x0000000000810000                __eeprom_end = .

.fuse
 *(.fuse)
 *(.lfuse)
 *(.hfuse)
 *(.efuse)

.lock
 *(.lock*)

.signature
 *(.signature*)

.stab           0x0000000000000000      0x8b8
 *(.stab)
 .stab          0x0000000000000000      0x8b8 .build/obj_uta_default/common/avr/xprintf.o

.stabstr        0x0000000000000000       0x99
 *(.stabstr)
 .stabstr       0x0000000000000000       0x99 .build/obj_uta_default/common/avr/xprintf.o

.stab.excl
 *(.stab.excl)

.stab.exclstr
 *(.stab.exclstr)

.stab.index
 *(.stab.index)

.stab.indexstr
 *(.stab.indexstr)

.comment        0x0000000000000000       0x11
 *(.comment)
 .comment       0x0000000000000000       0x11 .build/obj_uta_default/keyboards/uta/keymaps/default/keymap.o
                                         0x12 (size before relaxing)
 .comment       0x0000000000000011       0x12 .build/obj_uta_default/quantum/quantum.o
 .comment       0x0000000000000011       0x12 .build/obj_uta_default/quantum/bitwise.o
 .comment       0x0000000000000011       0x12 .build/obj_uta_default/quantum/led.o
 .comment       0x0000000000000011       0x12 .build/obj_uta_default/quantum/keymap_common.o
 .comment       0x0000000000000011       0x12 .build/obj_uta_default/quantum/keycode_config.o
 .comment       0x0000000000000011       0x12 .build/obj_uta_default/quantum/matrix_common.o
 .comment       0x0000000000000011       0x12 .build/obj_uta_default/quantum/matrix.o
 .comment       0x0000000000000011       0x12 .build/obj_uta_default/quantum/debounce/sym_defer_g.o
 .comment       0x0000000000000011       0x12 .build/obj_uta_default/quantum/command.o
 .comment       0x0000000000000011       0x12 .build/obj_uta_default/quantum/encoder.o
 .comment       0x0000000000000011       0x12 .build/obj_uta_default/quantum/process_keycode/process_space_cadet.o
 .comment       0x0000000000000011       0x12 .build/obj_uta_default/quantum/process_keycode/process_magic.o
 .comment       0x0000000000000011       0x12 .build/obj_uta_default/quantum/process_keycode/process_grave_esc.o
 .comment       0x0000000000000011       0x12 .build/obj_uta_default/common/host.o
 .comment       0x0000000000000011       0x12 .build/obj_uta_default/common/keyboard.o
 .comment       0x0000000000000011       0x12 .build/obj_uta_default/common/action.o
 .comment       0x0000000000000011       0x12 .build/obj_uta_default/common/action_tapping.o
 .comment       0x0000000000000011       0x12 .build/obj_uta_default/common/action_macro.o
 .comment       0x0000000000000011       0x12 .build/obj_uta_default/common/action_layer.o
 .comment       0x0000000000000011       0x12 .build/obj_uta_default/common/action_util.o
 .comment       0x0000000000000011       0x12 .build/obj_uta_default/common/debug.o
 .comment       0x0000000000000011       0x12 .build/obj_uta_default/common/eeconfig.o
 .comment       0x0000000000000011       0x12 .build/obj_uta_default/common/report.o
 .comment       0x0000000000000011       0x12 .build/obj_uta_default/common/avr/suspend.o
 .comment       0x0000000000000011       0x12 .build/obj_uta_default/common/avr/timer.o
 .comment       0x0000000000000011       0x12 .build/obj_uta_default/common/avr/bootloader.o
 .comment       0x0000000000000011       0x12 .build/obj_uta_default/common/avr/printf.o
 .comment       0x0000000000000011       0x12 .build/obj_uta_default/common/magic.o
 .comment       0x0000000000000011       0x12 .build/obj_uta_default/lufa.o
 .comment       0x0000000000000011       0x12 .build/obj_uta_default/usb_descriptor.o
 .comment       0x0000000000000011       0x12 .build/obj_uta_default/lib/lufa/LUFA/Drivers/USB/Core/AVR8/Device_AVR8.o
 .comment       0x0000000000000011       0x12 .build/obj_uta_default/lib/lufa/LUFA/Drivers/USB/Core/AVR8/EndpointStream_AVR8.o
 .comment       0x0000000000000011       0x12 .build/obj_uta_default/lib/lufa/LUFA/Drivers/USB/Core/AVR8/Endpoint_AVR8.o
 .comment       0x0000000000000011       0x12 .build/obj_uta_default/lib/lufa/LUFA/Drivers/USB/Core/AVR8/USBController_AVR8.o
 .comment       0x0000000000000011       0x12 .build/obj_uta_default/lib/lufa/LUFA/Drivers/USB/Core/AVR8/USBInterrupt_AVR8.o
 .comment       0x0000000000000011       0x12 .build/obj_uta_default/lib/lufa/LUFA/Drivers/USB/Core/DeviceStandardReq.o
 .comment       0x0000000000000011       0x12 .build/obj_uta_default/lib/lufa/LUFA/Drivers/USB/Core/USBTask.o

.note.gnu.avr.deviceinfo
                0x0000000000000000       0x40
 .note.gnu.avr.deviceinfo
                0x0000000000000000       0x40 c:/qmk_msys/mingw64/bin/../lib/gcc/avr/8.4.0/../../../../avr/lib/avr5/crtatmega32u4.o

.note.gnu.build-id
 *(.note.gnu.build-id)

.debug
 *(.debug)

.line
 *(.line)

.debug_srcinfo
 *(.debug_srcinfo)

.debug_sfnames
 *(.debug_sfnames)

.debug_aranges  0x0000000000000000      0xd58
 *(.debug_aranges)
 .debug_aranges
                0x0000000000000000       0x20 .build/obj_uta_default/keyboards/uta/keymaps/default/keymap.o
 .debug_aranges
                0x0000000000000020       0xc0 .build/obj_uta_default/quantum/quantum.o
 .debug_aranges
                0x00000000000000e0       0x60 .build/obj_uta_default/quantum/bitwise.o
 .debug_aranges
                0x0000000000000140       0x48 .build/obj_uta_default/quantum/led.o
 .debug_aranges
                0x0000000000000188       0x40 .build/obj_uta_default/quantum/keymap_common.o
 .debug_aranges
                0x00000000000001c8       0x28 .build/obj_uta_default/quantum/keycode_config.o
 .debug_aranges
                0x00000000000001f0       0xa0 .build/obj_uta_default/quantum/matrix_common.o
 .debug_aranges
                0x0000000000000290       0x28 .build/obj_uta_default/quantum/matrix.o
 .debug_aranges
                0x00000000000002b8       0x30 .build/obj_uta_default/quantum/debounce/sym_defer_g.o
 .debug_aranges
                0x00000000000002e8       0x40 .build/obj_uta_default/quantum/command.o
 .debug_aranges
                0x0000000000000328       0x38 .build/obj_uta_default/quantum/encoder.o
 .debug_aranges
                0x0000000000000360       0x28 .build/obj_uta_default/quantum/process_keycode/process_space_cadet.o
 .debug_aranges
                0x0000000000000388       0x20 .build/obj_uta_default/quantum/process_keycode/process_magic.o
 .debug_aranges
                0x00000000000003a8       0x20 .build/obj_uta_default/quantum/process_keycode/process_grave_esc.o
 .debug_aranges
                0x00000000000003c8       0x68 .build/obj_uta_default/common/host.o
 .debug_aranges
                0x0000000000000430       0xb0 .build/obj_uta_default/common/keyboard.o
 .debug_aranges
                0x00000000000004e0       0xd8 .build/obj_uta_default/common/action.o
 .debug_aranges
                0x00000000000005b8       0x48 .build/obj_uta_default/common/action_tapping.o
 .debug_aranges
                0x0000000000000600       0x20 .build/obj_uta_default/common/action_macro.o
 .debug_aranges
                0x0000000000000620       0xe0 .build/obj_uta_default/common/action_layer.o
 .debug_aranges
                0x0000000000000700      0x150 .build/obj_uta_default/common/action_util.o
 .debug_aranges
                0x0000000000000850       0x18 .build/obj_uta_default/common/debug.o
 .debug_aranges
                0x0000000000000868       0xe8 .build/obj_uta_default/common/eeconfig.o
 .debug_aranges
                0x0000000000000950       0x68 .build/obj_uta_default/common/report.o
 .debug_aranges
                0x00000000000009b8       0x58 .build/obj_uta_default/common/avr/suspend.o
 .debug_aranges
                0x0000000000000a10       0x50 .build/obj_uta_default/common/avr/timer.o
 .debug_aranges
                0x0000000000000a60       0x28 .build/obj_uta_default/common/avr/bootloader.o
 .debug_aranges
                0x0000000000000a88       0x20 .build/obj_uta_default/common/avr/printf.o
 .debug_aranges
                0x0000000000000aa8       0x20 .build/obj_uta_default/common/magic.o
 .debug_aranges
                0x0000000000000ac8       0xa0 .build/obj_uta_default/lufa.o
 .debug_aranges
                0x0000000000000b68       0x20 .build/obj_uta_default/usb_descriptor.o
 .debug_aranges
                0x0000000000000b88       0x20 .build/obj_uta_default/lib/lufa/LUFA/Drivers/USB/Core/AVR8/Device_AVR8.o
 .debug_aranges
                0x0000000000000ba8       0xc8 .build/obj_uta_default/lib/lufa/LUFA/Drivers/USB/Core/AVR8/EndpointStream_AVR8.o
 .debug_aranges
                0x0000000000000c70       0x40 .build/obj_uta_default/lib/lufa/LUFA/Drivers/USB/Core/AVR8/Endpoint_AVR8.o
 .debug_aranges
                0x0000000000000cb0       0x30 .build/obj_uta_default/lib/lufa/LUFA/Drivers/USB/Core/AVR8/USBController_AVR8.o
 .debug_aranges
                0x0000000000000ce0       0x38 .build/obj_uta_default/lib/lufa/LUFA/Drivers/USB/Core/AVR8/USBInterrupt_AVR8.o
 .debug_aranges
                0x0000000000000d18       0x20 .build/obj_uta_default/lib/lufa/LUFA/Drivers/USB/Core/DeviceStandardReq.o
 .debug_aranges
                0x0000000000000d38       0x20 .build/obj_uta_default/lib/lufa/LUFA/Drivers/USB/Core/USBTask.o

.debug_pubnames
 *(.debug_pubnames)

.debug_info     0x0000000000000000    0x1ed6c
 *(.debug_info .gnu.linkonce.wi.*)
 .debug_info    0x0000000000000000      0x9f4 c:/qmk_msys/mingw64/bin/../lib/gcc/avr/8.4.0/../../../../avr/lib/avr5/crtatmega32u4.o
 .debug_info    0x00000000000009f4      0x806 .build/obj_uta_default/keyboards/uta/keymaps/default/keymap.o
 .debug_info    0x00000000000011fa     0x2055 .build/obj_uta_default/quantum/quantum.o
 .debug_info    0x000000000000324f      0x2f9 .build/obj_uta_default/quantum/bitwise.o
 .debug_info    0x0000000000003548      0x81c .build/obj_uta_default/quantum/led.o
 .debug_info    0x0000000000003d64     0x200b .build/obj_uta_default/quantum/keymap_common.o
 .debug_info    0x0000000000005d6f      0x63c .build/obj_uta_default/quantum/keycode_config.o
 .debug_info    0x00000000000063ab      0xce2 .build/obj_uta_default/quantum/matrix_common.o
 .debug_info    0x000000000000708d      0x8ee .build/obj_uta_default/quantum/matrix.o
 .debug_info    0x000000000000797b      0x75d .build/obj_uta_default/quantum/debounce/sym_defer_g.o
 .debug_info    0x00000000000080d8     0x1872 .build/obj_uta_default/quantum/command.o
 .debug_info    0x000000000000994a      0x8cc .build/obj_uta_default/quantum/encoder.o
 .debug_info    0x000000000000a216     0x17e3 .build/obj_uta_default/quantum/process_keycode/process_space_cadet.o
 .debug_info    0x000000000000b9f9     0x12ce .build/obj_uta_default/quantum/process_keycode/process_magic.o
 .debug_info    0x000000000000ccc7     0x172e .build/obj_uta_default/quantum/process_keycode/process_grave_esc.o
 .debug_info    0x000000000000e3f5      0x9d9 .build/obj_uta_default/common/host.o
 .debug_info    0x000000000000edce      0xdbe .build/obj_uta_default/common/keyboard.o
 .debug_info    0x000000000000fb8c     0x20f8 .build/obj_uta_default/common/action.o
 .debug_info    0x0000000000011c84      0xfb9 .build/obj_uta_default/common/action_tapping.o
 .debug_info    0x0000000000012c3d      0xb60 .build/obj_uta_default/common/action_macro.o
 .debug_info    0x000000000001379d      0xcba .build/obj_uta_default/common/action_layer.o
 .debug_info    0x0000000000014457      0xe37 .build/obj_uta_default/common/action_util.o
 .debug_info    0x000000000001528e      0x130 .build/obj_uta_default/common/debug.o
 .debug_info    0x00000000000153be      0x911 .build/obj_uta_default/common/eeconfig.o
 .debug_info    0x0000000000015ccf      0xd19 .build/obj_uta_default/common/report.o
 .debug_info    0x00000000000169e8      0x751 .build/obj_uta_default/common/avr/suspend.o
 .debug_info    0x0000000000017139      0x443 .build/obj_uta_default/common/avr/timer.o
 .debug_info    0x000000000001757c      0x357 .build/obj_uta_default/common/avr/bootloader.o
 .debug_info    0x00000000000178d3       0xe7 .build/obj_uta_default/common/avr/printf.o
 .debug_info    0x00000000000179ba      0x570 .build/obj_uta_default/common/magic.o
 .debug_info    0x0000000000017f2a     0x1dc0 .build/obj_uta_default/lufa.o
 .debug_info    0x0000000000019cea      0xa24 .build/obj_uta_default/usb_descriptor.o
 .debug_info    0x000000000001a70e      0x1c0 .build/obj_uta_default/lib/lufa/LUFA/Drivers/USB/Core/AVR8/Device_AVR8.o
 .debug_info    0x000000000001a8ce     0x1da4 .build/obj_uta_default/lib/lufa/LUFA/Drivers/USB/Core/AVR8/EndpointStream_AVR8.o
 .debug_info    0x000000000001c672      0x75d .build/obj_uta_default/lib/lufa/LUFA/Drivers/USB/Core/AVR8/Endpoint_AVR8.o
 .debug_info    0x000000000001cdcf      0x606 .build/obj_uta_default/lib/lufa/LUFA/Drivers/USB/Core/AVR8/USBController_AVR8.o
 .debug_info    0x000000000001d3d5      0xa43 .build/obj_uta_default/lib/lufa/LUFA/Drivers/USB/Core/AVR8/USBInterrupt_AVR8.o
 .debug_info    0x000000000001de18      0xc59 .build/obj_uta_default/lib/lufa/LUFA/Drivers/USB/Core/DeviceStandardReq.o
 .debug_info    0x000000000001ea71      0x2fb .build/obj_uta_default/lib/lufa/LUFA/Drivers/USB/Core/USBTask.o

.debug_abbrev   0x0000000000000000     0x69f9
 *(.debug_abbrev)
 .debug_abbrev  0x0000000000000000      0x96a c:/qmk_msys/mingw64/bin/../lib/gcc/avr/8.4.0/../../../../avr/lib/avr5/crtatmega32u4.o
 .debug_abbrev  0x000000000000096a      0x1df .build/obj_uta_default/keyboards/uta/keymaps/default/keymap.o
 .debug_abbrev  0x0000000000000b49      0x42a .build/obj_uta_default/quantum/quantum.o
 .debug_abbrev  0x0000000000000f73       0xdd .build/obj_uta_default/quantum/bitwise.o
 .debug_abbrev  0x0000000000001050      0x253 .build/obj_uta_default/quantum/led.o
 .debug_abbrev  0x00000000000012a3      0x320 .build/obj_uta_default/quantum/keymap_common.o
 .debug_abbrev  0x00000000000015c3      0x119 .build/obj_uta_default/quantum/keycode_config.o
 .debug_abbrev  0x00000000000016dc      0x408 .build/obj_uta_default/quantum/matrix_common.o
 .debug_abbrev  0x0000000000001ae4      0x2da .build/obj_uta_default/quantum/matrix.o
 .debug_abbrev  0x0000000000001dbe      0x23a .build/obj_uta_default/quantum/debounce/sym_defer_g.o
 .debug_abbrev  0x0000000000001ff8      0x3d3 .build/obj_uta_default/quantum/command.o
 .debug_abbrev  0x00000000000023cb      0x2cd .build/obj_uta_default/quantum/encoder.o
 .debug_abbrev  0x0000000000002698      0x23c .build/obj_uta_default/quantum/process_keycode/process_space_cadet.o
 .debug_abbrev  0x00000000000028d4      0x1d8 .build/obj_uta_default/quantum/process_keycode/process_magic.o
 .debug_abbrev  0x0000000000002aac      0x226 .build/obj_uta_default/quantum/process_keycode/process_grave_esc.o
 .debug_abbrev  0x0000000000002cd2      0x2d3 .build/obj_uta_default/common/host.o
 .debug_abbrev  0x0000000000002fa5      0x39b .build/obj_uta_default/common/keyboard.o
 .debug_abbrev  0x0000000000003340      0x4ec .build/obj_uta_default/common/action.o
 .debug_abbrev  0x000000000000382c      0x36f .build/obj_uta_default/common/action_tapping.o
 .debug_abbrev  0x0000000000003b9b      0x28d .build/obj_uta_default/common/action_macro.o
 .debug_abbrev  0x0000000000003e28      0x328 .build/obj_uta_default/common/action_layer.o
 .debug_abbrev  0x0000000000004150      0x3ac .build/obj_uta_default/common/action_util.o
 .debug_abbrev  0x00000000000044fc       0xbb .build/obj_uta_default/common/debug.o
 .debug_abbrev  0x00000000000045b7      0x135 .build/obj_uta_default/common/eeconfig.o
 .debug_abbrev  0x00000000000046ec      0x2f1 .build/obj_uta_default/common/report.o
 .debug_abbrev  0x00000000000049dd      0x319 .build/obj_uta_default/common/avr/suspend.o
 .debug_abbrev  0x0000000000004cf6      0x1ba .build/obj_uta_default/common/avr/timer.o
 .debug_abbrev  0x0000000000004eb0      0x200 .build/obj_uta_default/common/avr/bootloader.o
 .debug_abbrev  0x00000000000050b0       0x9d .build/obj_uta_default/common/avr/printf.o
 .debug_abbrev  0x000000000000514d      0x1bd .build/obj_uta_default/common/magic.o
 .debug_abbrev  0x000000000000530a      0x5b2 .build/obj_uta_default/lufa.o
 .debug_abbrev  0x00000000000058bc      0x207 .build/obj_uta_default/usb_descriptor.o
 .debug_abbrev  0x0000000000005ac3       0xcb .build/obj_uta_default/lib/lufa/LUFA/Drivers/USB/Core/AVR8/Device_AVR8.o
 .debug_abbrev  0x0000000000005b8e      0x23b .build/obj_uta_default/lib/lufa/LUFA/Drivers/USB/Core/AVR8/EndpointStream_AVR8.o
 .debug_abbrev  0x0000000000005dc9      0x29d .build/obj_uta_default/lib/lufa/LUFA/Drivers/USB/Core/AVR8/Endpoint_AVR8.o
 .debug_abbrev  0x0000000000006066      0x1f5 .build/obj_uta_default/lib/lufa/LUFA/Drivers/USB/Core/AVR8/USBController_AVR8.o
 .debug_abbrev  0x000000000000625b      0x2a5 .build/obj_uta_default/lib/lufa/LUFA/Drivers/USB/Core/AVR8/USBInterrupt_AVR8.o
 .debug_abbrev  0x0000000000006500      0x346 .build/obj_uta_default/lib/lufa/LUFA/Drivers/USB/Core/DeviceStandardReq.o
 .debug_abbrev  0x0000000000006846      0x1b3 .build/obj_uta_default/lib/lufa/LUFA/Drivers/USB/Core/USBTask.o

.debug_line     0x0000000000000000    0x1354f
 *(.debug_line .debug_line.* .debug_line_end)
 .debug_line    0x0000000000000000       0x1d c:/qmk_msys/mingw64/bin/../lib/gcc/avr/8.4.0/../../../../avr/lib/avr5/crtatmega32u4.o
 .debug_line    0x000000000000001d      0x262 .build/obj_uta_default/keyboards/uta/keymaps/default/keymap.o
 .debug_line    0x000000000000027f      0xb9f .build/obj_uta_default/quantum/quantum.o
 .debug_line    0x0000000000000e1e      0x68f .build/obj_uta_default/quantum/bitwise.o
 .debug_line    0x00000000000014ad      0x2f7 .build/obj_uta_default/quantum/led.o
 .debug_line    0x00000000000017a4      0x705 .build/obj_uta_default/quantum/keymap_common.o
 .debug_line    0x0000000000001ea9      0x58a .build/obj_uta_default/quantum/keycode_config.o
 .debug_line    0x0000000000002433      0x690 .build/obj_uta_default/quantum/matrix_common.o
 .debug_line    0x0000000000002ac3      0x474 .build/obj_uta_default/quantum/matrix.o
 .debug_line    0x0000000000002f37      0x35d .build/obj_uta_default/quantum/debounce/sym_defer_g.o
 .debug_line    0x0000000000003294      0xc99 .build/obj_uta_default/quantum/command.o
 .debug_line    0x0000000000003f2d      0x49f .build/obj_uta_default/quantum/encoder.o